#
# There is insufficient memory for the Java Runtime Environment to continue.
# Native memory allocation (malloc) failed to allocate 1038360 bytes. Error detail: Chunk::new
# Possible reasons:
#   The system is out of physical RAM or swap space
#   This process is running with CompressedOops enabled, and the Java Heap may be blocking the growth of the native heap
# Possible solutions:
#   Reduce memory load on the system
#   Increase physical memory or swap space
#   Check if swap backing store is full
#   Decrease Java heap size (-Xmx/-Xms)
#   Decrease number of Java threads
#   Decrease Java thread stack sizes (-Xss)
#   Set larger code cache with -XX:ReservedCodeCacheSize=
#   JVM is running with Zero Based Compressed Oops mode in which the Java heap is
#     placed in the first 32GB address space. The Java Heap base address is the
#     maximum limit for the native heap growth. Please use -XX:HeapBaseMinAddress
#     to set the Java Heap base and to place the Java Heap above 32GB virtual address.
# This output file may be truncated or incomplete.
#
#  Out of Memory Error (arena.cpp:186), pid=232, tid=11288
#
# JRE version: Java(TM) SE Runtime Environment (25.0.2+10) (build 25.0.2+10-LTS-69)
# Java VM: Java HotSpot(TM) 64-Bit Server VM (25.0.2+10-LTS-69, mixed mode, sharing, tiered, compressed oops, compressed class ptrs, g1 gc, windows-amd64)
# No core dump will be written. Minidumps are not enabled by default on client versions of Windows
#

---------------  S U M M A R Y ------------

Command Line: --add-opens=java.base/java.lang=ALL-UNNAMED --add-opens=java.base/java.lang.invoke=ALL-UNNAMED --add-opens=java.base/java.util=ALL-UNNAMED --add-opens=java.prefs/java.util.prefs=ALL-UNNAMED --add-exports=jdk.compiler/com.sun.tools.javac.api=ALL-UNNAMED --add-exports=jdk.compiler/com.sun.tools.javac.util=ALL-UNNAMED --add-opens=java.base/java.util=ALL-UNNAMED --add-opens=java.prefs/java.util.prefs=ALL-UNNAMED --add-opens=java.base/java.nio.charset=ALL-UNNAMED --add-opens=java.base/java.net=ALL-UNNAMED --add-opens=java.base/java.util.concurrent=ALL-UNNAMED --add-opens=java.base/java.util.concurrent.atomic=ALL-UNNAMED --add-opens=java.xml/javax.xml.namespace=ALL-UNNAMED --add-opens=java.base/java.time=ALL-UNNAMED --enable-native-access=ALL-UNNAMED -XX:MaxMetaspaceSize=1024m -XX:+HeapDumpOnOutOfMemoryError -Xmx4096m -Dfile.encoding=UTF-8 -Duser.country=US -Duser.language=en -Duser.variant -javaagent:C:\Users\LENOVO Z40\.gradle\wrapper\dists\gradle-9.3.1-bin\23ovyewtku6u96viwx3xl3oks\gradle-9.3.1\lib\agents\gradle-instrumentation-agent-9.3.1.jar org.gradle.launcher.daemon.bootstrap.GradleDaemon 9.3.1

Host: Intel(R) Core(TM) i7-4510U CPU @ 2.00GHz, 4 cores, 7G,  Windows 10 , 64 bit Build 19041 (10.0.19041.5915)
Time: Sun Sep 13 21:34:55 2026 SE Asia Standard Time elapsed time: 184.698305 seconds (0d 0h 3m 4s)

---------------  T H R E A D  ---------------

Current thread (0x00000261d508dc10):  JavaThread "C2 CompilerThread0" daemon [_thread_in_native, id=11288, stack(0x000000b552600000,0x000000b552700000) (1024K)]


Current CompileTask:
C2:184698 19119       4       java.lang.System::getProperty (12 bytes)

Stack: [0x000000b552600000,0x000000b552700000]
Native frames: (J=compiled Java code, j=interpreted, Vv=VM code, C=native code)
V  [jvm.dll+0x7a70f9]  (no source info available)
V  [jvm.dll+0x772d6d]  (no source info available)
V  [jvm.dll+0x965d53]  (no source info available)
V  [jvm.dll+0x968351]  (no source info available)
V  [jvm.dll+0x968a63]  (no source info available)
V  [jvm.dll+0x2fc846]  (no source info available)
V  [jvm.dll+0x111b16]  (no source info available)
V  [jvm.dll+0x111e3e]  (no source info available)
V  [jvm.dll+0x1a0872]  (no source info available)
V  [jvm.dll+0x3b54c2]  (no source info available)
V  [jvm.dll+0x7aca8f]  (no source info available)
V  [jvm.dll+0x2c0b97]  (no source info available)
V  [jvm.dll+0x2bfb5f]  (no source info available)
V  [jvm.dll+0x2379a0]  (no source info available)
V  [jvm.dll+0x2cfc86]  (no source info available)
V  [jvm.dll+0x2cdf05]  (no source info available)
V  [jvm.dll+0x48e9d1]  (no source info available)
V  [jvm.dll+0x906fcd]  (no source info available)
V  [jvm.dll+0x7a56d5]  (no source info available)
C  [ucrtbase.dll+0x21bb2]  (no source info available)
C  [KERNEL32.DLL+0x17374]  (no source info available)
C  [ntdll.dll+0x4cc91]  (no source info available)

Lock stack of current Java thread (top to bottom):


---------------  P R O C E S S  ---------------

Threads class SMR info:
_java_thread_list=0x00000261f6b87520, length=50, elements={
0x00000261b6275680, 0x00000261d5085a00, 0x00000261d50869e0, 0x00000261d50879c0,
0x00000261d5089590, 0x00000261d508a150, 0x00000261d508ad10, 0x00000261d508dc10,
0x00000261d5091de0, 0x00000261d5247620, 0x00000261d53035f0, 0x00000261dae12dc0,
0x00000261dae80650, 0x00000261dafaa6a0, 0x00000261daee6cc0, 0x00000261d5120590,
0x00000261daedb350, 0x00000261daed5590, 0x00000261daedab80, 0x00000261dd1b9c80,
0x00000261dd1bc390, 0x00000261dd1bac20, 0x00000261dd1bb3f0, 0x00000261dd1bcb60,
0x00000261dc9b57a0, 0x00000261dc9b01b0, 0x00000261f6aca410, 0x00000261de307f80,
0x00000261de303160, 0x00000261dce2f2f0, 0x00000261de3077b0, 0x00000261f6ac84d0,
0x00000261f6ac5dc0, 0x00000261f6ac6d60, 0x00000261f6ac4e20, 0x00000261f6acabe0,
0x00000261f6ac6590, 0x00000261f6e088c0, 0x00000261f6e07150, 0x00000261f6e032d0,
0x00000261f6e03aa0, 0x00000261f6e04a40, 0x00000261f6e059e0, 0x00000261d5b7c840,
0x00000261d5b82600, 0x00000261d5b7b0d0, 0x00000261d5b7b8a0, 0x00000261dce33170,
0x00000261dce350b0, 0x00000261dce31230
}

Java Threads: ( => current thread )
  0x00000261b6275680 JavaThread "main"                              [_thread_blocked, id=9640, stack(0x000000b551800000,0x000000b551900000) (1024K)]
  0x00000261d5085a00 JavaThread "Reference Handler"          daemon [_thread_blocked, id=13068, stack(0x000000b552000000,0x000000b552100000) (1024K)]
  0x00000261d50869e0 JavaThread "Finalizer"                  daemon [_thread_blocked, id=11132, stack(0x000000b552100000,0x000000b552200000) (1024K)]
  0x00000261d50879c0 JavaThread "Signal Dispatcher"          daemon [_thread_blocked, id=12980, stack(0x000000b552200000,0x000000b552300000) (1024K)]
  0x00000261d5089590 JavaThread "Attach Listener"            daemon [_thread_blocked, id=14628, stack(0x000000b552300000,0x000000b552400000) (1024K)]
  0x00000261d508a150 JavaThread "Service Thread"             daemon [_thread_blocked, id=3124, stack(0x000000b552400000,0x000000b552500000) (1024K)]
  0x00000261d508ad10 JavaThread "Monitor Deflation Thread"   daemon [_thread_blocked, id=4424, stack(0x000000b552500000,0x000000b552600000) (1024K)]
=>0x00000261d508dc10 JavaThread "C2 CompilerThread0"         daemon [_thread_in_native, id=11288, stack(0x000000b552600000,0x000000b552700000) (1024K)]
  0x00000261d5091de0 JavaThread "C1 CompilerThread0"         daemon [_thread_blocked, id=7564, stack(0x000000b552700000,0x000000b552800000) (1024K)]
  0x00000261d5247620 JavaThread "Common-Cleaner"             daemon [_thread_blocked, id=13172, stack(0x000000b552800000,0x000000b552900000) (1024K)]
  0x00000261d53035f0 JavaThread "Notification Thread"        daemon [_thread_blocked, id=15264, stack(0x000000b552900000,0x000000b552a00000) (1024K)]
  0x00000261dae12dc0 JavaThread "Daemon health stats"               [_thread_blocked, id=12984, stack(0x000000b552c00000,0x000000b552d00000) (1024K)]
  0x00000261dae80650 JavaThread "Incoming local TCP Connector on port 62915"        [_thread_in_native, id=14844, stack(0x000000b552e00000,0x000000b552f00000) (1024K)]
  0x00000261dafaa6a0 JavaThread "Daemon periodic checks"            [_thread_blocked, id=11492, stack(0x000000b552f00000,0x000000b553000000) (1024K)]
  0x00000261daee6cc0 JavaThread "Daemon"                            [_thread_blocked, id=12224, stack(0x000000b553000000,0x000000b553100000) (1024K)]
  0x00000261d5120590 JavaThread "Daemon worker"                     [_thread_in_vm, id=5500, stack(0x000000b553200000,0x000000b553300000) (1024K)]
  0x00000261daedb350 JavaThread "Cache worker for journal cache (C:\Users\LENOVO Z40\.gradle\caches\journal-1)"        [_thread_blocked, id=14676, stack(0x000000b553700000,0x000000b553800000) (1024K)]
  0x00000261daed5590 JavaThread "File lock request listener"        [_thread_in_native, id=8116, stack(0x000000b553800000,0x000000b553900000) (1024K)]
  0x00000261daedab80 JavaThread "Cache worker for file hash cache (C:\Users\LENOVO Z40\.gradle\caches\9.3.1\fileHashes)"        [_thread_blocked, id=12804, stack(0x000000b553a00000,0x000000b553b00000) (1024K)]
  0x00000261dd1b9c80 JavaThread "File watcher server"        daemon [_thread_in_native, id=12032, stack(0x000000b553c00000,0x000000b553d00000) (1024K)]
  0x00000261dd1bc390 JavaThread "File watcher consumer"      daemon [_thread_blocked, id=1188, stack(0x000000b553d00000,0x000000b553e00000) (1024K)]
  0x00000261dd1bac20 JavaThread "jar transforms"                    [_thread_blocked, id=11640, stack(0x000000b553e00000,0x000000b553f00000) (1024K)]
  0x00000261dd1bb3f0 JavaThread "jar transforms Thread 2"           [_thread_blocked, id=10076, stack(0x000000b553f00000,0x000000b554000000) (1024K)]
  0x00000261dd1bcb60 JavaThread "jar transforms Thread 3"           [_thread_blocked, id=13492, stack(0x000000b554000000,0x000000b554100000) (1024K)]
  0x00000261dc9b57a0 JavaThread "Cache worker for file content cache (C:\Users\LENOVO Z40\.gradle\caches\9.3.1\fileContent)"        [_thread_blocked, id=12820, stack(0x000000b554100000,0x000000b554200000) (1024K)]
  0x00000261dc9b01b0 JavaThread "jar transforms Thread 4"           [_thread_blocked, id=12560, stack(0x000000b554500000,0x000000b554600000) (1024K)]
  0x00000261f6aca410 JavaThread "File lock release action executor Thread 4"        [_thread_blocked, id=15056, stack(0x000000b555600000,0x000000b555700000) (1024K)]
  0x00000261de307f80 JavaThread "Memory manager"                    [_thread_blocked, id=12844, stack(0x000000b555700000,0x000000b555800000) (1024K)]
  0x00000261de303160 JavaThread "pool-3-thread-1"                   [_thread_blocked, id=14080, stack(0x000000b551700000,0x000000b551800000) (1024K)]
  0x00000261dce2f2f0 JavaThread "VFS cleanup"                       [_thread_blocked, id=12828, stack(0x000000b553300000,0x000000b553400000) (1024K)]
  0x00000261de3077b0 JavaThread "pool-6-thread-1"                   [_thread_blocked, id=13580, stack(0x000000b555300000,0x000000b555400000) (1024K)]
  0x00000261f6ac84d0 JavaThread "pool-9-thread-1"                   [_thread_blocked, id=5236, stack(0x000000b555800000,0x000000b555900000) (1024K)]
  0x00000261f6ac5dc0 JavaThread "Handler for socket connection from /127.0.0.1:62915 to /127.0.0.1:62953"        [_thread_in_native, id=15256, stack(0x000000b551600000,0x000000b551700000) (1024K)]
  0x00000261f6ac6d60 JavaThread "Cancel handler"                    [_thread_blocked, id=12888, stack(0x000000b552d00000,0x000000b552e00000) (1024K)]
  0x00000261f6ac4e20 JavaThread "Asynchronous log dispatcher for DefaultDaemonConnection: socket connection from /127.0.0.1:62915 to /127.0.0.1:62953"        [_thread_blocked, id=8440, stack(0x000000b553100000,0x000000b553200000) (1024K)]
  0x00000261f6acabe0 JavaThread "Stdin handler"                     [_thread_blocked, id=12872, stack(0x000000b553400000,0x000000b553500000) (1024K)]
  0x00000261f6ac6590 JavaThread "Daemon client event forwarder"        [_thread_blocked, id=14772, stack(0x000000b553500000,0x000000b553600000) (1024K)]
  0x00000261f6e088c0 JavaThread "Cache worker for file hash cache (C:\xampp\htdocs\root_proj\Root\.gradle\9.3.1\fileHashes)"        [_thread_blocked, id=13884, stack(0x000000b553900000,0x000000b553a00000) (1024K)]
  0x00000261f6e07150 JavaThread "Cache worker for Build Output Cleanup Cache (C:\xampp\htdocs\root_proj\Root\.gradle\buildOutputCleanup)"        [_thread_blocked, id=4928, stack(0x000000b553b00000,0x000000b553c00000) (1024K)]
  0x00000261f6e032d0 JavaThread "Cache worker for checksums cache (C:\xampp\htdocs\root_proj\Root\.gradle\9.3.1\checksums)"        [_thread_blocked, id=13584, stack(0x000000b554200000,0x000000b554300000) (1024K)]
  0x00000261f6e03aa0 JavaThread "Cache worker for cache directory md-supplier (C:\Users\LENOVO Z40\.gradle\caches\9.3.1\md-supplier)"        [_thread_blocked, id=8980, stack(0x000000b554300000,0x000000b554400000) (1024K)]
  0x00000261f6e04a40 JavaThread "Cache worker for cache directory md-rule (C:\Users\LENOVO Z40\.gradle\caches\9.3.1\md-rule)"        [_thread_blocked, id=13796, stack(0x000000b554400000,0x000000b554500000) (1024K)]
  0x00000261f6e059e0 JavaThread "Unconstrained build operations"        [_thread_blocked, id=13380, stack(0x000000b554600000,0x000000b554700000) (1024K)]
  0x00000261d5b7c840 JavaThread "Unconstrained build operations Thread 2"        [_thread_blocked, id=13956, stack(0x000000b554700000,0x000000b554800000) (1024K)]
  0x00000261d5b82600 JavaThread "Unconstrained build operations Thread 3"        [_thread_blocked, id=252, stack(0x000000b554800000,0x000000b554900000) (1024K)]
  0x00000261d5b7b0d0 JavaThread "Unconstrained build operations Thread 4"        [_thread_blocked, id=14940, stack(0x000000b554900000,0x000000b554a00000) (1024K)]
  0x00000261d5b7b8a0 JavaThread "Unconstrained build operations Thread 5"        [_thread_blocked, id=13472, stack(0x000000b554a00000,0x000000b554b00000) (1024K)]
  0x00000261dce33170 JavaThread "Unconstrained build operations Thread 6"        [_thread_blocked, id=10912, stack(0x000000b554b00000,0x000000b554c00000) (1024K)]
  0x00000261dce350b0 JavaThread "Unconstrained build operations Thread 7"        [_thread_blocked, id=9296, stack(0x000000b554c00000,0x000000b554d00000) (1024K)]
  0x00000261dce31230 JavaThread "Unconstrained build operations Thread 8"        [_thread_blocked, id=10220, stack(0x000000b554d00000,0x000000b554e00000) (1024K)]
Total: 50

Other Threads:
  0x00000261b633ea30 VMThread "VM Thread"                           [id=2484, stack(0x000000b551f00000,0x000000b552000000) (1024K)]
  0x00000261d506ae10 WatcherThread "VM Periodic Task Thread"        [id=11460, stack(0x000000b551e00000,0x000000b551f00000) (1024K)]
  0x00000261b62e0870 WorkerThread "GC Thread#0"                     [id=14668, stack(0x000000b551900000,0x000000b551a00000) (1024K)]
  0x00000261d56c13e0 WorkerThread "GC Thread#1"                     [id=12620, stack(0x000000b552a00000,0x000000b552b00000) (1024K)]
  0x00000261d56c1810 WorkerThread "GC Thread#2"                     [id=13420, stack(0x000000b552b00000,0x000000b552c00000) (1024K)]
  0x00000261daf7f250 WorkerThread "GC Thread#3"                     [id=14440, stack(0x000000b553600000,0x000000b553700000) (1024K)]
  0x00000261b62fb160 ConcurrentGCThread "G1 Main Marker"            [id=8284, stack(0x000000b551a00000,0x000000b551b00000) (1024K)]
  0x00000261b62fbd00 WorkerThread "G1 Conc#0"                       [id=8524, stack(0x000000b551b00000,0x000000b551c00000) (1024K)]
  0x00000261b6322900 ConcurrentGCThread "G1 Refine#0"               [id=13348, stack(0x000000b551c00000,0x000000b551d00000) (1024K)]
  0x00000261b6323510 ConcurrentGCThread "G1 Service"                [id=14760, stack(0x000000b551d00000,0x000000b551e00000) (1024K)]
Total: 10

Threads with active compile tasks:
C2 CompilerThread0  185133 19119       4       java.lang.System::getProperty (12 bytes)
Total: 1

VM state: not at safepoint (normal execution)

VM Mutex/Monitor currently owned by a thread:  ([mutex/lock_event])
[0x00007ff935e777e8] AdapterHandlerLibrary_lock - owner thread: 0x00000261d5120590

Heap address: 0x0000000700000000, size: 4096 MB, Compressed Oops mode: Zero based, Oop shift amount: 3

CDS archive(s) mapped at: [0x0000000002000000-0x0000000002dd0000-0x0000000002dd0000), size 14483456, SharedBaseAddress: 0x0000000002000000, ArchiveRelocationMode: 1.
Compressed class space mapped at: 0x0000000003000000-0x0000000037000000, reserved size: 872415232
UseCompressedClassPointers 1, UseCompactObjectHeaders 0
Narrow klass pointer bits 32, Max shift 3
Narrow klass base: 0x0000000002000000, Narrow klass shift: 0
Encoding Range: [0x0000000002000000 - 0x0000000102000000), (4294967296 bytes)
Klass Range:    [0x0000000002010000 - 0x0000000037000000), (889126912 bytes)
Klass ID Range:  [65536 - 889192441) (889126905)
Protection zone: [0x0000000002000000 - 0x0000000002010000), (65536 bytes)

GC Precious Log:
 CardTable entry size: 512
 Card Set container configuration: InlinePtr #cards 4 size 8 Array Of Cards #cards 16 size 48 Howl #buckets 8 coarsen threshold 3686 Howl Bitmap #cards 512 size 80 coarsen threshold 460 Card regions per heap region 1 cards per card region 4096
 CPUs: 4 total, 4 available
 Memory: 8084M
 Large Page Support: Disabled
 NUMA Support: Disabled
 Compressed Oops: Enabled (Zero based)
 Heap Region Size: 2M
 Heap Min Capacity: 8M
 Heap Initial Capacity: 128M
 Heap Max Capacity: 4G
 Pre-touch: Disabled
 Parallel Workers: 4
 Concurrent Workers: 1
 Concurrent Refinement Workers: 4
 Periodic GC: Disabled

Heap:
 garbage-first heap   total reserved 4194304K, committed 256000K, used 209691K [0x0000000700000000, 0x0000000800000000)
  region size 2048K, 27 young (55296K), 5 survivors (10240K)

Heap Regions: E=young(eden), S=young(survivor), O=old, HS=humongous(starts), HC=humongous(continues), CS=collection set, F=free, TAMS=top-at-mark-start, PB=parsable bottom
|   0|0x0000000700000000, 0x0000000700200000, 0x0000000700200000|100%|HS|  |TAMS 0x0000000700000000| PB 0x0000000700000000| Complete |  0
|   1|0x0000000700200000, 0x0000000700400000, 0x0000000700400000|100%|HC|  |TAMS 0x0000000700200000| PB 0x0000000700200000| Complete |  0
|   2|0x0000000700400000, 0x0000000700600000, 0x0000000700600000|100%| O|  |TAMS 0x0000000700400000| PB 0x0000000700400000| Untracked |  0
|   3|0x0000000700600000, 0x0000000700800000, 0x0000000700800000|100%| O|  |TAMS 0x0000000700600000| PB 0x0000000700600000| Untracked |  0
|   4|0x0000000700800000, 0x0000000700a00000, 0x0000000700a00000|100%| O|  |TAMS 0x0000000700800000| PB 0x0000000700800000| Untracked |  0
|   5|0x0000000700a00000, 0x0000000700c00000, 0x0000000700c00000|100%| O|  |TAMS 0x0000000700a00000| PB 0x0000000700a00000| Untracked |  0
|   6|0x0000000700c00000, 0x0000000700e00000, 0x0000000700e00000|100%| O|  |TAMS 0x0000000700c00000| PB 0x0000000700c00000| Untracked |  0
|   7|0x0000000700e00000, 0x0000000701000000, 0x0000000701000000|100%| O|  |TAMS 0x0000000700e00000| PB 0x0000000700e00000| Untracked |  0
|   8|0x0000000701000000, 0x0000000701200000, 0x0000000701200000|100%| O|  |TAMS 0x0000000701000000| PB 0x0000000701000000| Untracked |  0
|   9|0x0000000701200000, 0x0000000701400000, 0x0000000701400000|100%| O|  |TAMS 0x0000000701200000| PB 0x0000000701200000| Untracked |  0
|  10|0x0000000701400000, 0x0000000701600000, 0x0000000701600000|100%| O|  |TAMS 0x0000000701400000| PB 0x0000000701400000| Untracked |  0
|  11|0x0000000701600000, 0x0000000701800000, 0x0000000701800000|100%| O|  |TAMS 0x0000000701600000| PB 0x0000000701600000| Untracked |  0
|  12|0x0000000701800000, 0x0000000701a00000, 0x0000000701a00000|100%| O|  |TAMS 0x0000000701800000| PB 0x0000000701800000| Untracked |  0
|  13|0x0000000701a00000, 0x0000000701c00000, 0x0000000701c00000|100%| O|  |TAMS 0x0000000701a00000| PB 0x0000000701a00000| Untracked |  0
|  14|0x0000000701c00000, 0x0000000701e00000, 0x0000000701e00000|100%| O|  |TAMS 0x0000000701c00000| PB 0x0000000701c00000| Untracked |  0
|  15|0x0000000701e00000, 0x0000000702000000, 0x0000000702000000|100%| O|  |TAMS 0x0000000701e00000| PB 0x0000000701e00000| Untracked |  0
|  16|0x0000000702000000, 0x0000000702200000, 0x0000000702200000|100%| O|  |TAMS 0x0000000702000000| PB 0x0000000702000000| Untracked |  0
|  17|0x0000000702200000, 0x0000000702400000, 0x0000000702400000|100%| O|  |TAMS 0x0000000702200000| PB 0x0000000702200000| Untracked |  0
|  18|0x0000000702400000, 0x0000000702600000, 0x0000000702600000|100%| O|  |TAMS 0x0000000702400000| PB 0x0000000702400000| Untracked |  0
|  19|0x0000000702600000, 0x0000000702800000, 0x0000000702800000|100%| O|  |TAMS 0x0000000702600000| PB 0x0000000702600000| Untracked |  0
|  20|0x0000000702800000, 0x0000000702a00000, 0x0000000702a00000|100%| O|  |TAMS 0x0000000702800000| PB 0x0000000702800000| Untracked |  0
|  21|0x0000000702a00000, 0x0000000702c00000, 0x0000000702c00000|100%| O|  |TAMS 0x0000000702a00000| PB 0x0000000702a00000| Untracked |  0
|  22|0x0000000702c00000, 0x0000000702e00000, 0x0000000702e00000|100%| O|  |TAMS 0x0000000702c00000| PB 0x0000000702c00000| Untracked |  0
|  23|0x0000000702e00000, 0x0000000703000000, 0x0000000703000000|100%| O|  |TAMS 0x0000000702e00000| PB 0x0000000702e00000| Untracked |  0
|  24|0x0000000703000000, 0x0000000703200000, 0x0000000703200000|100%| O|  |TAMS 0x0000000703000000| PB 0x0000000703000000| Untracked |  0
|  25|0x0000000703200000, 0x0000000703400000, 0x0000000703400000|100%| O|  |TAMS 0x0000000703200000| PB 0x0000000703200000| Untracked |  0
|  26|0x0000000703400000, 0x0000000703600000, 0x0000000703600000|100%| O|  |TAMS 0x0000000703400000| PB 0x0000000703400000| Untracked |  0
|  27|0x0000000703600000, 0x0000000703800000, 0x0000000703800000|100%| O|  |TAMS 0x0000000703600000| PB 0x0000000703600000| Untracked |  0
|  28|0x0000000703800000, 0x0000000703a00000, 0x0000000703a00000|100%| O|  |TAMS 0x0000000703800000| PB 0x0000000703800000| Untracked |  0
|  29|0x0000000703a00000, 0x0000000703c00000, 0x0000000703c00000|100%| O|  |TAMS 0x0000000703a00000| PB 0x0000000703a00000| Untracked |  0
|  30|0x0000000703c00000, 0x0000000703e00000, 0x0000000703e00000|100%| O|  |TAMS 0x0000000703c00000| PB 0x0000000703c00000| Untracked |  0
|  31|0x0000000703e00000, 0x0000000704000000, 0x0000000704000000|100%| O|  |TAMS 0x0000000703e00000| PB 0x0000000703e00000| Untracked |  0
|  32|0x0000000704000000, 0x0000000704200000, 0x0000000704200000|100%| O|  |TAMS 0x0000000704000000| PB 0x0000000704000000| Untracked |  0
|  33|0x0000000704200000, 0x0000000704400000, 0x0000000704400000|100%| O|  |TAMS 0x0000000704200000| PB 0x0000000704200000| Untracked |  0
|  34|0x0000000704400000, 0x0000000704600000, 0x0000000704600000|100%| O|  |TAMS 0x0000000704400000| PB 0x0000000704400000| Untracked |  0
|  35|0x0000000704600000, 0x0000000704800000, 0x0000000704800000|100%| O|  |TAMS 0x0000000704600000| PB 0x0000000704600000| Untracked |  0
|  36|0x0000000704800000, 0x0000000704a00000, 0x0000000704a00000|100%|HS|  |TAMS 0x0000000704800000| PB 0x0000000704800000| Complete |  0
|  37|0x0000000704a00000, 0x0000000704c00000, 0x0000000704c00000|100%| O|  |TAMS 0x0000000704a00000| PB 0x0000000704a00000| Untracked |  0
|  38|0x0000000704c00000, 0x0000000704e00000, 0x0000000704e00000|100%| O|  |TAMS 0x0000000704c00000| PB 0x0000000704c00000| Untracked |  0
|  39|0x0000000704e00000, 0x0000000705000000, 0x0000000705000000|100%| O|  |TAMS 0x0000000704e00000| PB 0x0000000704e00000| Untracked |  0
|  40|0x0000000705000000, 0x0000000705200000, 0x0000000705200000|100%| O|  |TAMS 0x0000000705000000| PB 0x0000000705000000| Untracked |  0
|  41|0x0000000705200000, 0x0000000705400000, 0x0000000705400000|100%| O|  |TAMS 0x0000000705200000| PB 0x0000000705200000| Untracked |  0
|  42|0x0000000705400000, 0x0000000705600000, 0x0000000705600000|100%| O|  |TAMS 0x0000000705400000| PB 0x0000000705400000| Untracked |  0
|  43|0x0000000705600000, 0x0000000705800000, 0x0000000705800000|100%| O|  |TAMS 0x0000000705600000| PB 0x0000000705600000| Untracked |  0
|  44|0x0000000705800000, 0x0000000705a00000, 0x0000000705a00000|100%| O|  |TAMS 0x0000000705800000| PB 0x0000000705800000| Untracked |  0
|  45|0x0000000705a00000, 0x0000000705c00000, 0x0000000705c00000|100%| O|  |TAMS 0x0000000705a00000| PB 0x0000000705a00000| Untracked |  0
|  46|0x0000000705c00000, 0x0000000705c00000, 0x0000000705e00000|  0%| F|  |TAMS 0x0000000705c00000| PB 0x0000000705c00000| Untracked |  0
|  47|0x0000000705e00000, 0x0000000706000000, 0x0000000706000000|100%| O|  |TAMS 0x0000000705e00000| PB 0x0000000705e00000| Untracked |  0
|  48|0x0000000706000000, 0x0000000706200000, 0x0000000706200000|100%| O|  |TAMS 0x0000000706000000| PB 0x0000000706000000| Untracked |  0
|  49|0x0000000706200000, 0x0000000706400000, 0x0000000706400000|100%| O|  |TAMS 0x0000000706200000| PB 0x0000000706200000| Untracked |  0
|  50|0x0000000706400000, 0x0000000706600000, 0x0000000706600000|100%|HS|  |TAMS 0x0000000706400000| PB 0x0000000706400000| Complete |  0
|  51|0x0000000706600000, 0x0000000706800000, 0x0000000706800000|100%| O|  |TAMS 0x0000000706600000| PB 0x0000000706600000| Untracked |  0
|  52|0x0000000706800000, 0x0000000706a00000, 0x0000000706a00000|100%| O|  |TAMS 0x0000000706800000| PB 0x0000000706800000| Untracked |  0
|  53|0x0000000706a00000, 0x0000000706c00000, 0x0000000706c00000|100%| O|  |TAMS 0x0000000706a00000| PB 0x0000000706a00000| Untracked |  0
|  54|0x0000000706c00000, 0x0000000706e00000, 0x0000000706e00000|100%| O|  |TAMS 0x0000000706c00000| PB 0x0000000706c00000| Untracked |  0
|  55|0x0000000706e00000, 0x0000000707000000, 0x0000000707000000|100%| O|  |TAMS 0x0000000706e00000| PB 0x0000000706e00000| Untracked |  0
|  56|0x0000000707000000, 0x0000000707200000, 0x0000000707200000|100%| O|  |TAMS 0x0000000707000000| PB 0x0000000707000000| Untracked |  0
|  57|0x0000000707200000, 0x0000000707400000, 0x0000000707400000|100%| O|  |TAMS 0x0000000707200000| PB 0x0000000707200000| Untracked |  0
|  58|0x0000000707400000, 0x0000000707400000, 0x0000000707600000|  0%| F|  |TAMS 0x0000000707400000| PB 0x0000000707400000| Untracked |  0
|  59|0x0000000707600000, 0x0000000707800000, 0x0000000707800000|100%| O|  |TAMS 0x0000000707600000| PB 0x0000000707600000| Untracked |  0
|  60|0x0000000707800000, 0x0000000707a00000, 0x0000000707a00000|100%| O|  |TAMS 0x0000000707800000| PB 0x0000000707800000| Untracked |  0
|  61|0x0000000707a00000, 0x0000000707a00000, 0x0000000707c00000|  0%| F|  |TAMS 0x0000000707a00000| PB 0x0000000707a00000| Untracked |  0
|  62|0x0000000707c00000, 0x0000000707e00000, 0x0000000707e00000|100%| O|  |TAMS 0x0000000707c00000| PB 0x0000000707c00000| Untracked |  0
|  63|0x0000000707e00000, 0x0000000708000000, 0x0000000708000000|100%| O|  |TAMS 0x0000000707e00000| PB 0x0000000707e00000| Untracked |  0
|  64|0x0000000708000000, 0x0000000708200000, 0x0000000708200000|100%| O|  |TAMS 0x0000000708000000| PB 0x0000000708000000| Untracked |  0
|  65|0x0000000708200000, 0x0000000708400000, 0x0000000708400000|100%| O|  |TAMS 0x0000000708200000| PB 0x0000000708200000| Untracked |  0
|  66|0x0000000708400000, 0x0000000708600000, 0x0000000708600000|100%| O|  |TAMS 0x0000000708400000| PB 0x0000000708400000| Untracked |  0
|  67|0x0000000708600000, 0x0000000708800000, 0x0000000708800000|100%| O|  |TAMS 0x0000000708600000| PB 0x0000000708600000| Untracked |  0
|  68|0x0000000708800000, 0x0000000708a00000, 0x0000000708a00000|100%| O|  |TAMS 0x0000000708800000| PB 0x0000000708800000| Untracked |  0
|  69|0x0000000708a00000, 0x0000000708c00000, 0x0000000708c00000|100%| S|CS|TAMS 0x0000000708a00000| PB 0x0000000708a00000| Complete |  0
|  70|0x0000000708c00000, 0x0000000708e00000, 0x0000000708e00000|100%| S|CS|TAMS 0x0000000708c00000| PB 0x0000000708c00000| Complete |  0
|  71|0x0000000708e00000, 0x0000000709000000, 0x0000000709000000|100%| S|CS|TAMS 0x0000000708e00000| PB 0x0000000708e00000| Complete |  0
|  72|0x0000000709000000, 0x0000000709200000, 0x0000000709200000|100%| S|CS|TAMS 0x0000000709000000| PB 0x0000000709000000| Complete |  0
|  73|0x0000000709200000, 0x0000000709400000, 0x0000000709400000|100%| S|CS|TAMS 0x0000000709200000| PB 0x0000000709200000| Complete |  0
|  74|0x0000000709400000, 0x0000000709400000, 0x0000000709600000|  0%| F|  |TAMS 0x0000000709400000| PB 0x0000000709400000| Untracked |  0
|  75|0x0000000709600000, 0x0000000709600000, 0x0000000709800000|  0%| F|  |TAMS 0x0000000709600000| PB 0x0000000709600000| Untracked |  0
|  76|0x0000000709800000, 0x0000000709800000, 0x0000000709a00000|  0%| F|  |TAMS 0x0000000709800000| PB 0x0000000709800000| Untracked |  0
|  77|0x0000000709a00000, 0x0000000709a00000, 0x0000000709c00000|  0%| F|  |TAMS 0x0000000709a00000| PB 0x0000000709a00000| Untracked |  0
|  78|0x0000000709c00000, 0x0000000709c00000, 0x0000000709e00000|  0%| F|  |TAMS 0x0000000709c00000| PB 0x0000000709c00000| Untracked |  0
|  79|0x0000000709e00000, 0x0000000709e00000, 0x000000070a000000|  0%| F|  |TAMS 0x0000000709e00000| PB 0x0000000709e00000| Untracked |  0
|  80|0x000000070a000000, 0x000000070a000000, 0x000000070a200000|  0%| F|  |TAMS 0x000000070a000000| PB 0x000000070a000000| Untracked |  0
|  81|0x000000070a200000, 0x000000070a200000, 0x000000070a400000|  0%| F|  |TAMS 0x000000070a200000| PB 0x000000070a200000| Untracked |  0
|  82|0x000000070a400000, 0x000000070a400000, 0x000000070a600000|  0%| F|  |TAMS 0x000000070a400000| PB 0x000000070a400000| Untracked |  0
|  83|0x000000070a600000, 0x000000070a600000, 0x000000070a800000|  0%| F|  |TAMS 0x000000070a600000| PB 0x000000070a600000| Untracked |  0
|  84|0x000000070a800000, 0x000000070a800000, 0x000000070aa00000|  0%| F|  |TAMS 0x000000070a800000| PB 0x000000070a800000| Untracked |  0
|  85|0x000000070aa00000, 0x000000070aa00000, 0x000000070ac00000|  0%| F|  |TAMS 0x000000070aa00000| PB 0x000000070aa00000| Untracked |  0
|  86|0x000000070ac00000, 0x000000070ac00000, 0x000000070ae00000|  0%| F|  |TAMS 0x000000070ac00000| PB 0x000000070ac00000| Untracked |  0
|  87|0x000000070ae00000, 0x000000070ae00000, 0x000000070b000000|  0%| F|  |TAMS 0x000000070ae00000| PB 0x000000070ae00000| Untracked |  0
|  88|0x000000070b000000, 0x000000070b000000, 0x000000070b200000|  0%| F|  |TAMS 0x000000070b000000| PB 0x000000070b000000| Untracked |  0
|  89|0x000000070b200000, 0x000000070b200000, 0x000000070b400000|  0%| F|  |TAMS 0x000000070b200000| PB 0x000000070b200000| Untracked |  0
|  90|0x000000070b400000, 0x000000070b400000, 0x000000070b600000|  0%| F|  |TAMS 0x000000070b400000| PB 0x000000070b400000| Untracked |  0
|  91|0x000000070b600000, 0x000000070b600000, 0x000000070b800000|  0%| F|  |TAMS 0x000000070b600000| PB 0x000000070b600000| Untracked |  0
|  92|0x000000070b800000, 0x000000070ba00000, 0x000000070ba00000|100%| E|  |TAMS 0x000000070b800000| PB 0x000000070b800000| Complete |  0
|  93|0x000000070ba00000, 0x000000070bc00000, 0x000000070bc00000|100%| E|CS|TAMS 0x000000070ba00000| PB 0x000000070ba00000| Complete |  0
|  94|0x000000070bc00000, 0x000000070be00000, 0x000000070be00000|100%| E|CS|TAMS 0x000000070bc00000| PB 0x000000070bc00000| Complete |  0
|  95|0x000000070be00000, 0x000000070c000000, 0x000000070c000000|100%| E|CS|TAMS 0x000000070be00000| PB 0x000000070be00000| Complete |  0
|  96|0x000000070c000000, 0x000000070c200000, 0x000000070c200000|100%| E|CS|TAMS 0x000000070c000000| PB 0x000000070c000000| Complete |  0
|  97|0x000000070c200000, 0x000000070c400000, 0x000000070c400000|100%| E|CS|TAMS 0x000000070c200000| PB 0x000000070c200000| Complete |  0
|  98|0x000000070c400000, 0x000000070c600000, 0x000000070c600000|100%| E|CS|TAMS 0x000000070c400000| PB 0x000000070c400000| Complete |  0
|  99|0x000000070c600000, 0x000000070c800000, 0x000000070c800000|100%| E|CS|TAMS 0x000000070c600000| PB 0x000000070c600000| Complete |  0
| 100|0x000000070c800000, 0x000000070ca00000, 0x000000070ca00000|100%| E|CS|TAMS 0x000000070c800000| PB 0x000000070c800000| Complete |  0
| 101|0x000000070ca00000, 0x000000070cc00000, 0x000000070cc00000|100%| E|CS|TAMS 0x000000070ca00000| PB 0x000000070ca00000| Complete |  0
| 102|0x000000070cc00000, 0x000000070ce00000, 0x000000070ce00000|100%| E|CS|TAMS 0x000000070cc00000| PB 0x000000070cc00000| Complete |  0
| 103|0x000000070ce00000, 0x000000070d000000, 0x000000070d000000|100%| E|CS|TAMS 0x000000070ce00000| PB 0x000000070ce00000| Complete |  0
| 104|0x000000070d000000, 0x000000070d200000, 0x000000070d200000|100%| E|CS|TAMS 0x000000070d000000| PB 0x000000070d000000| Complete |  0
| 105|0x000000070d200000, 0x000000070d400000, 0x000000070d400000|100%| E|CS|TAMS 0x000000070d200000| PB 0x000000070d200000| Complete |  0
| 106|0x000000070d400000, 0x000000070d600000, 0x000000070d600000|100%| E|CS|TAMS 0x000000070d400000| PB 0x000000070d400000| Complete |  0
|2030|0x00000007fdc00000, 0x00000007fdcc6f00, 0x00000007fde00000| 38%| O|  |TAMS 0x00000007fdc00000| PB 0x00000007fdc00000| Untracked |  0
|2031|0x00000007fde00000, 0x00000007fe000000, 0x00000007fe000000|100%| O|  |TAMS 0x00000007fde00000| PB 0x00000007fde00000| Untracked |  0
|2032|0x00000007fe000000, 0x00000007fe200000, 0x00000007fe200000|100%| O|  |TAMS 0x00000007fe000000| PB 0x00000007fe000000| Untracked |  0
|2033|0x00000007fe200000, 0x00000007fe400000, 0x00000007fe400000|100%| O|  |TAMS 0x00000007fe200000| PB 0x00000007fe200000| Untracked |  0
|2034|0x00000007fe400000, 0x00000007fe600000, 0x00000007fe600000|100%| O|  |TAMS 0x00000007fe400000| PB 0x00000007fe400000| Untracked |  0
|2035|0x00000007fe600000, 0x00000007fe800000, 0x00000007fe800000|100%| O|  |TAMS 0x00000007fe600000| PB 0x00000007fe600000| Untracked |  0
|2036|0x00000007fe800000, 0x00000007fea00000, 0x00000007fea00000|100%| O|  |TAMS 0x00000007fe800000| PB 0x00000007fe800000| Untracked |  0
|2037|0x00000007fea00000, 0x00000007fec00000, 0x00000007fec00000|100%| O|  |TAMS 0x00000007fea00000| PB 0x00000007fea00000| Untracked |  0
|2038|0x00000007fec00000, 0x00000007fee00000, 0x00000007fee00000|100%| O|  |TAMS 0x00000007fec00000| PB 0x00000007fec00000| Untracked |  0
|2039|0x00000007fee00000, 0x00000007ff000000, 0x00000007ff000000|100%| E|CS|TAMS 0x00000007fee00000| PB 0x00000007fee00000| Complete |  0
|2040|0x00000007ff000000, 0x00000007ff200000, 0x00000007ff200000|100%| O|  |TAMS 0x00000007ff000000| PB 0x00000007ff000000| Untracked |  0
|2041|0x00000007ff200000, 0x00000007ff400000, 0x00000007ff400000|100%| O|  |TAMS 0x00000007ff200000| PB 0x00000007ff200000| Untracked |  0
|2042|0x00000007ff400000, 0x00000007ff600000, 0x00000007ff600000|100%| E|CS|TAMS 0x00000007ff400000| PB 0x00000007ff400000| Complete |  0
|2043|0x00000007ff600000, 0x00000007ff800000, 0x00000007ff800000|100%| E|CS|TAMS 0x00000007ff600000| PB 0x00000007ff600000| Complete |  0
|2044|0x00000007ff800000, 0x00000007ffa00000, 0x00000007ffa00000|100%| E|CS|TAMS 0x00000007ff800000| PB 0x00000007ff800000| Complete |  0
|2045|0x00000007ffa00000, 0x00000007ffc00000, 0x00000007ffc00000|100%| E|CS|TAMS 0x00000007ffa00000| PB 0x00000007ffa00000| Complete |  0
|2046|0x00000007ffc00000, 0x00000007ffe00000, 0x00000007ffe00000|100%| E|CS|TAMS 0x00000007ffc00000| PB 0x00000007ffc00000| Complete |  0
|2047|0x00000007ffe00000, 0x0000000800000000, 0x0000000800000000|100%| E|CS|TAMS 0x00000007ffe00000| PB 0x00000007ffe00000| Complete |  0

Card table byte_map: [0x00000261ce310000,0x00000261ceb10000] _byte_map_base: 0x00000261cab10000

Marking Bits: (CMBitMap*) 0x00000261b62e2820
 Bits: [0x00000261ceb10000, 0x00000261d2b10000)

Polling page: 0x00000261b40b0000

Metaspace:
Metaspace        used 172334K, committed 174912K, reserved 1048576K
 class space     used 23607K, committed 24832K, reserved 851968K

Usage:
  Non-class:    145.24 MB used.
      Class:     23.05 MB used.
       Both:    168.30 MB used.

Virtual space:
  Non-class space:      192.00 MB reserved,     146.56 MB ( 76%) committed,  3 nodes.
      Class space:      832.00 MB reserved,      24.25 MB (  3%) committed,  1 nodes.
             Both:        1.00 GB reserved,     170.81 MB ( 17%) committed. 

Chunk freelists:
   Non-Class:  13.16 MB
       Class:  7.79 MB
        Both:  20.95 MB

MaxMetaspaceSize: 1.00 GB
CompressedClassSpaceSize: 832.00 MB
Initial GC threshold: 21.00 MB
Current GC threshold: 283.69 MB
CDS: on
 - commit_granule_bytes: 65536.
 - commit_granule_words: 8192.
 - virtual_space_node_default_size: 8388608.
 - enlarge_chunks_in_place: 1.
UseCompressedClassPointers 1, UseCompactObjectHeaders 0
Narrow klass pointer bits 32, Max shift 3
Narrow klass base: 0x0000000002000000, Narrow klass shift: 0
Encoding Range: [0x0000000002000000 - 0x0000000102000000), (4294967296 bytes)
Klass Range:    [0x0000000002010000 - 0x0000000037000000), (889126912 bytes)
Klass ID Range:  [65536 - 889192441) (889126905)
Protection zone: [0x0000000002000000 - 0x0000000002010000), (65536 bytes)


Internal statistics:

num_allocs_failed_limit: 9.
num_arena_births: 4492.
num_arena_deaths: 0.
num_vsnodes_births: 4.
num_vsnodes_deaths: 0.
num_space_committed: 2732.
num_space_uncommitted: 0.
num_chunks_returned_to_freelist: 9.
num_chunks_taken_from_freelist: 11429.
num_chunk_merges: 9.
num_chunk_splits: 8090.
num_chunks_enlarged: 5840.
num_inconsistent_stats: 0.

CodeHeap 'non-profiled nmethods': size=120064Kb used=7731Kb max_used=7731Kb free=112332Kb
 bounds [0x00000261c65d0000, 0x00000261c6d60000, 0x00000261cdb10000]
CodeHeap 'profiled nmethods': size=120000Kb used=24467Kb max_used=24467Kb free=95532Kb
 bounds [0x00000261beb10000, 0x00000261c0300000, 0x00000261c6040000]
CodeHeap 'non-nmethods': size=5696Kb used=2389Kb max_used=2510Kb free=3307Kb
 bounds [0x00000261c6040000, 0x00000261c62c0000, 0x00000261c65d0000]
CodeCache: size=245760Kb, used=34587Kb, max_used=34708Kb, free=211171Kb
 total_blobs=17407, nmethods=16197, adapters=1111, full_count=0
Compilation: enabled, stopped_count=0, restarted_count=0

Compilation events (20 events):
Event: 183.032 Thread 0x00000261d5091de0 19111       3       org.jetbrains.kotlin.com.intellij.psi.impl.source.tree.TreeElement::clearRelativeOffsets (28 bytes)
Event: 183.032 Thread 0x00000261d5091de0 nmethod 19111 0x00000261c02f3988 code [0x00000261c02f3a80, 0x00000261c02f3cd8]
Event: 183.032 Thread 0x00000261d5091de0 19115       1       org.jetbrains.kotlin.cli.jvm.config.JvmClasspathRoot::isSdkRoot (5 bytes)
Event: 183.032 Thread 0x00000261d5091de0 nmethod 19115 0x00000261c6d51388 code [0x00000261c6d51480, 0x00000261c6d51548]
Event: 183.032 Thread 0x00000261d5091de0 19110       1       org.jetbrains.kotlin.com.intellij.psi.impl.source.tree.CompositeElement::getLastChildNode (5 bytes)
Event: 183.032 Thread 0x00000261d5091de0 nmethod 19110 0x00000261c6d51688 code [0x00000261c6d51780, 0x00000261c6d51848]
Event: 183.032 Thread 0x00000261d5091de0 19114       1       org.jetbrains.kotlin.com.intellij.psi.impl.source.tree.CompositeElement::getCachedLength (5 bytes)
Event: 183.033 Thread 0x00000261d5091de0 nmethod 19114 0x00000261c6d51988 code [0x00000261c6d51a80, 0x00000261c6d51b48]
Event: 183.033 Thread 0x00000261d5091de0 19113       1       org.jetbrains.kotlin.com.intellij.psi.impl.source.tree.CompositeElement::setLastChildNode (6 bytes)
Event: 183.033 Thread 0x00000261d5091de0 nmethod 19113 0x00000261c6d51c88 code [0x00000261c6d51d80, 0x00000261c6d51e98]
Event: 183.039 Thread 0x00000261d5091de0 19116       3       sun.nio.fs.WindowsPath::addPrefixIfNeeded (17 bytes)
Event: 183.039 Thread 0x00000261d5091de0 nmethod 19116 0x00000261c02f3d08 code [0x00000261c02f3e00, 0x00000261c02f4158]
Event: 183.884 Thread 0x00000261d508dc10 nmethod 19090 0x00000261c6d51f88 code [0x00000261c6d52080, 0x00000261c6d5c028]
Event: 183.885 Thread 0x00000261d508dc10 19091       4       org.jetbrains.kotlin.cli.jvm.index.JavaRoot::equals (68 bytes)
Event: 183.889 Thread 0x00000261d508dc10 nmethod 19091 0x00000261c6d5c088 code [0x00000261c6d5c180, 0x00000261c6d5c398]
Event: 184.047 Thread 0x00000261d508dc10 19117       4       sun.nio.fs.WindowsFileAttributes::isReparsePoint (14 bytes)
Event: 184.048 Thread 0x00000261d508dc10 nmethod 19117 0x00000261c6d5c408 code [0x00000261c6d5c500, 0x00000261c6d5c570]
Event: 184.151 Thread 0x00000261d5091de0 19118       3       sun.nio.fs.WindowsPath::hashCode (52 bytes)
Event: 184.153 Thread 0x00000261d5091de0 nmethod 19118 0x00000261c02f4188 code [0x00000261c02f4280, 0x00000261c02f4db0]
Event: 184.675 Thread 0x00000261d508dc10 19119       4       java.lang.System::getProperty (12 bytes)

GC Heap Usage History (20 events):
Event: 90.710 {heap Before GC invocations=48 (full 0):
 garbage-first heap   total reserved 4194304K, committed 202752K, used 183921K [0x0000000700000000, 0x0000000800000000)
  region size 2048K, 39 young (79872K), 5 survivors (10240K)
}
Event: 90.726 {heap After GC invocations=49 (full 0):
 garbage-first heap   total reserved 4194304K, committed 202752K, used 113992K [0x0000000700000000, 0x0000000800000000)
  region size 2048K, 3 young (6144K), 3 survivors (6144K)
}
Event: 94.303 {heap Before GC invocations=49 (full 0):
 garbage-first heap   total reserved 4194304K, committed 202752K, used 183624K [0x0000000700000000, 0x0000000800000000)
  region size 2048K, 38 young (77824K), 3 survivors (6144K)
}
Event: 94.332 {heap After GC invocations=50 (full 0):
 garbage-first heap   total reserved 4194304K, committed 202752K, used 122808K [0x0000000700000000, 0x0000000800000000)
  region size 2048K, 5 young (10240K), 5 survivors (10240K)
}
Event: 97.369 {heap Before GC invocations=51 (full 0):
 garbage-first heap   total reserved 4194304K, committed 204800K, used 184248K [0x0000000700000000, 0x0000000800000000)
  region size 2048K, 35 young (71680K), 5 survivors (10240K)
}
Event: 97.399 {heap After GC invocations=52 (full 0):
 garbage-first heap   total reserved 4194304K, committed 204800K, used 124939K [0x0000000700000000, 0x0000000800000000)
  region size 2048K, 2 young (4096K), 2 survivors (4096K)
}
Event: 100.298 {heap Before GC invocations=52 (full 0):
 garbage-first heap   total reserved 4194304K, committed 204800K, used 186379K [0x0000000700000000, 0x0000000800000000)
  region size 2048K, 32 young (65536K), 2 survivors (4096K)
}
Event: 100.340 {heap After GC invocations=53 (full 0):
 garbage-first heap   total reserved 4194304K, committed 204800K, used 126544K [0x0000000700000000, 0x0000000800000000)
  region size 2048K, 4 young (8192K), 4 survivors (8192K)
}
Event: 104.639 {heap Before GC invocations=53 (full 0):
 garbage-first heap   total reserved 4194304K, committed 204800K, used 187984K [0x0000000700000000, 0x0000000800000000)
  region size 2048K, 34 young (69632K), 4 survivors (8192K)
}
Event: 104.670 {heap After GC invocations=54 (full 0):
 garbage-first heap   total reserved 4194304K, committed 204800K, used 130837K [0x0000000700000000, 0x0000000800000000)
  region size 2048K, 5 young (10240K), 5 survivors (10240K)
}
Event: 115.441 {heap Before GC invocations=55 (full 0):
 garbage-first heap   total reserved 4194304K, committed 223232K, used 186133K [0x0000000700000000, 0x0000000800000000)
  region size 2048K, 33 young (67584K), 5 survivors (10240K)
}
Event: 115.461 {heap After GC invocations=56 (full 0):
 garbage-first heap   total reserved 4194304K, committed 223232K, used 133470K [0x0000000700000000, 0x0000000800000000)
  region size 2048K, 3 young (6144K), 3 survivors (6144K)
}
Event: 119.707 {heap Before GC invocations=56 (full 0):
 garbage-first heap   total reserved 4194304K, committed 223232K, used 205150K [0x0000000700000000, 0x0000000800000000)
  region size 2048K, 38 young (77824K), 3 survivors (6144K)
}
Event: 119.740 {heap After GC invocations=57 (full 0):
 garbage-first heap   total reserved 4194304K, committed 223232K, used 137794K [0x0000000700000000, 0x0000000800000000)
  region size 2048K, 5 young (10240K), 5 survivors (10240K)
}
Event: 125.538 {heap Before GC invocations=57 (full 0):
 garbage-first heap   total reserved 4194304K, committed 223232K, used 203330K [0x0000000700000000, 0x0000000800000000)
  region size 2048K, 37 young (75776K), 5 survivors (10240K)
}
Event: 125.566 {heap After GC invocations=58 (full 0):
 garbage-first heap   total reserved 4194304K, committed 223232K, used 141661K [0x0000000700000000, 0x0000000800000000)
  region size 2048K, 3 young (6144K), 3 survivors (6144K)
}
Event: 177.724 {heap Before GC invocations=59 (full 0):
 garbage-first heap   total reserved 4194304K, committed 239616K, used 203101K [0x0000000700000000, 0x0000000800000000)
  region size 2048K, 34 young (69632K), 3 survivors (6144K)
}
Event: 177.744 {heap After GC invocations=60 (full 0):
 garbage-first heap   total reserved 4194304K, committed 239616K, used 146832K [0x0000000700000000, 0x0000000800000000)
  region size 2048K, 5 young (10240K), 5 survivors (10240K)
}
Event: 181.705 {heap Before GC invocations=60 (full 0):
 garbage-first heap   total reserved 4194304K, committed 239616K, used 216464K [0x0000000700000000, 0x0000000800000000)
  region size 2048K, 40 young (81920K), 5 survivors (10240K)
}
Event: 181.766 {heap After GC invocations=61 (full 0):
 garbage-first heap   total reserved 4194304K, committed 256000K, used 166683K [0x0000000700000000, 0x0000000800000000)
  region size 2048K, 5 young (10240K), 5 survivors (10240K)
}

Metaspace Usage History (20 events):
Event: 90.710 {metaspace Before GC invocations=48 (full 0):
 Metaspace       used 148636K, committed 150976K, reserved 983040K
  class space    used 20676K, committed 21760K, reserved 851968K
}
Event: 90.726 {metaspace After GC invocations=49 (full 0):
 Metaspace       used 148636K, committed 150976K, reserved 983040K
  class space    used 20676K, committed 21760K, reserved 851968K
}
Event: 94.303 {metaspace Before GC invocations=49 (full 0):
 Metaspace       used 153240K, committed 155648K, reserved 1048576K
  class space    used 21191K, committed 22336K, reserved 851968K
}
Event: 94.332 {metaspace After GC invocations=50 (full 0):
 Metaspace       used 153240K, committed 155648K, reserved 1048576K
  class space    used 21191K, committed 22336K, reserved 851968K
}
Event: 97.369 {metaspace Before GC invocations=51 (full 0):
 Metaspace       used 157974K, committed 160512K, reserved 1048576K
  class space    used 21900K, committed 23104K, reserved 851968K
}
Event: 97.399 {metaspace After GC invocations=52 (full 0):
 Metaspace       used 157974K, committed 160512K, reserved 1048576K
  class space    used 21900K, committed 23104K, reserved 851968K
}
Event: 100.298 {metaspace Before GC invocations=52 (full 0):
 Metaspace       used 160677K, committed 163136K, reserved 1048576K
  class space    used 22310K, committed 23488K, reserved 851968K
}
Event: 100.340 {metaspace After GC invocations=53 (full 0):
 Metaspace       used 160677K, committed 163136K, reserved 1048576K
  class space    used 22310K, committed 23488K, reserved 851968K
}
Event: 104.639 {metaspace Before GC invocations=53 (full 0):
 Metaspace       used 164758K, committed 167232K, reserved 1048576K
  class space    used 22907K, committed 24064K, reserved 851968K
}
Event: 104.670 {metaspace After GC invocations=54 (full 0):
 Metaspace       used 164758K, committed 167232K, reserved 1048576K
  class space    used 22907K, committed 24064K, reserved 851968K
}
Event: 115.441 {metaspace Before GC invocations=55 (full 0):
 Metaspace       used 170768K, committed 173248K, reserved 1048576K
  class space    used 23513K, committed 24704K, reserved 851968K
}
Event: 115.461 {metaspace After GC invocations=56 (full 0):
 Metaspace       used 170768K, committed 173248K, reserved 1048576K
  class space    used 23513K, committed 24704K, reserved 851968K
}
Event: 119.707 {metaspace Before GC invocations=56 (full 0):
 Metaspace       used 171256K, committed 173760K, reserved 1048576K
  class space    used 23532K, committed 24704K, reserved 851968K
}
Event: 119.740 {metaspace After GC invocations=57 (full 0):
 Metaspace       used 171256K, committed 173760K, reserved 1048576K
  class space    used 23532K, committed 24704K, reserved 851968K
}
Event: 125.538 {metaspace Before GC invocations=57 (full 0):
 Metaspace       used 171614K, committed 174208K, reserved 1048576K
  class space    used 23547K, committed 24768K, reserved 851968K
}
Event: 125.566 {metaspace After GC invocations=58 (full 0):
 Metaspace       used 171614K, committed 174208K, reserved 1048576K
  class space    used 23547K, committed 24768K, reserved 851968K
}
Event: 177.724 {metaspace Before GC invocations=59 (full 0):
 Metaspace       used 172065K, committed 174656K, reserved 1048576K
  class space    used 23600K, committed 24832K, reserved 851968K
}
Event: 177.744 {metaspace After GC invocations=60 (full 0):
 Metaspace       used 172065K, committed 174656K, reserved 1048576K
  class space    used 23600K, committed 24832K, reserved 851968K
}
Event: 181.705 {metaspace Before GC invocations=60 (full 0):
 Metaspace       used 172238K, committed 174784K, reserved 1048576K
  class space    used 23604K, committed 24832K, reserved 851968K
}
Event: 181.766 {metaspace After GC invocations=61 (full 0):
 Metaspace       used 172238K, committed 174784K, reserved 1048576K
  class space    used 23604K, committed 24832K, reserved 851968K
}

Dll operation events (14 events):
Event: 0.044 Loaded shared library C:\Program Files\Java\jdk-25.0.2\bin\java.dll
Event: 0.404 Loaded shared library C:\Program Files\Java\jdk-25.0.2\bin\zip.dll
Event: 0.413 Loaded shared library C:\Program Files\Java\jdk-25.0.2\bin\instrument.dll
Event: 0.428 Loaded shared library C:\Program Files\Java\jdk-25.0.2\bin\net.dll
Event: 0.436 Loaded shared library C:\Program Files\Java\jdk-25.0.2\bin\nio.dll
Event: 0.444 Loaded shared library C:\Program Files\Java\jdk-25.0.2\bin\zip.dll
Event: 3.593 Loaded shared library C:\Program Files\Java\jdk-25.0.2\bin\jimage.dll
Event: 4.724 Loaded shared library C:\Program Files\Java\jdk-25.0.2\bin\verify.dll
Event: 4.827 Loaded shared library C:\Users\LENOVO Z40\.gradle\native\660c5614fbf4a5f2a75b1949f50a0caf5cd603558e7d8a26e50b933a0cfb79d1\windows-amd64\native-platform.dll
Event: 4.876 Loaded shared library C:\Users\LENOVO Z40\.gradle\native\0.2.8\x86_64-windows-gnu\gradle-fileevents.dll
Event: 10.091 Loaded shared library C:\Program Files\Java\jdk-25.0.2\bin\management.dll
Event: 10.102 Loaded shared library C:\Program Files\Java\jdk-25.0.2\bin\management_ext.dll
Event: 10.701 Loaded shared library C:\Program Files\Java\jdk-25.0.2\bin\extnet.dll
Event: 11.419 Loaded shared library C:\Program Files\Java\jdk-25.0.2\bin\sunmscapi.dll

Deoptimization events (20 events):
Event: 180.374 Thread 0x00000261d5120590 Uncommon trap: trap_request=0xffffff45 fr.pc=0x00000261c68d2600 relative=0x0000000000000180
Event: 180.374 Thread 0x00000261d5120590 Uncommon trap: reason=unstable_if action=reinterpret pc=0x00000261c68d2600 method=jdk.internal.jrtfs.JrtPath.normalize(Ljava/lang/String;)Ljava/lang/String; @ 6 c2
Event: 180.374 Thread 0x00000261d5120590 DEOPT PACKING pc=0x00000261c68d2600 sp=0x000000b5532f49c0
Event: 180.374 Thread 0x00000261d5120590 DEOPT UNPACKING pc=0x00000261c60cf682 sp=0x000000b5532f4948 mode 2
Event: 181.124 Thread 0x00000261d5120590 DEOPT PACKING pc=0x00000261bf306682 sp=0x000000b5532f3fc0
Event: 181.124 Thread 0x00000261d5120590 DEOPT UNPACKING pc=0x00000261c6091702 sp=0x000000b5532f3508 mode 0
Event: 181.649 Thread 0x00000261d5120590 DEOPT PACKING pc=0x00000261bf3395ce sp=0x000000b5532f40f0
Event: 181.649 Thread 0x00000261d5120590 DEOPT UNPACKING pc=0x00000261c6091702 sp=0x000000b5532f36c0 mode 0
Event: 181.674 Thread 0x00000261d5120590 DEOPT PACKING pc=0x00000261bf33985a sp=0x000000b5532f40f0
Event: 181.674 Thread 0x00000261d5120590 DEOPT UNPACKING pc=0x00000261c6091702 sp=0x000000b5532f36c8 mode 0
Event: 181.703 Thread 0x00000261d5120590 DEOPT PACKING pc=0x00000261bf3395ce sp=0x000000b5532f40f0
Event: 181.703 Thread 0x00000261d5120590 DEOPT UNPACKING pc=0x00000261c6091702 sp=0x000000b5532f36c0 mode 0
Event: 181.788 Thread 0x00000261d5120590 DEOPT PACKING pc=0x00000261bf3395ce sp=0x000000b5532f40f0
Event: 181.788 Thread 0x00000261d5120590 DEOPT UNPACKING pc=0x00000261c6091702 sp=0x000000b5532f36c0 mode 0
Event: 181.851 Thread 0x00000261d5120590 DEOPT PACKING pc=0x00000261bf3395ce sp=0x000000b5532f40f0
Event: 181.851 Thread 0x00000261d5120590 DEOPT UNPACKING pc=0x00000261c6091702 sp=0x000000b5532f36c0 mode 0
Event: 182.056 Thread 0x00000261d5120590 DEOPT PACKING pc=0x00000261bf3395ce sp=0x000000b5532f40f0
Event: 182.056 Thread 0x00000261d5120590 DEOPT UNPACKING pc=0x00000261c6091702 sp=0x000000b5532f36c0 mode 0
Event: 182.079 Thread 0x00000261d5120590 DEOPT PACKING pc=0x00000261bf3395ce sp=0x000000b5532f40f0
Event: 182.080 Thread 0x00000261d5120590 DEOPT UNPACKING pc=0x00000261c6091702 sp=0x000000b5532f36c0 mode 0

Classes loaded (20 events):
Event: 120.095 Loading class java/util/AbstractMapBeanInfo
Event: 120.095 Loading class java/util/AbstractMapBeanInfo done
Event: 120.095 Loading class java/util/AbstractMapCustomizer
Event: 120.095 Loading class java/util/AbstractMapCustomizer done
Event: 120.095 Loading class java/util/AbstractMapCustomizer
Event: 120.095 Loading class java/util/AbstractMapCustomizer done
Event: 120.102 Loading class java/util/HashMapCustomizer
Event: 120.102 Loading class java/util/HashMapCustomizer done
Event: 120.102 Loading class java/util/HashMapCustomizer
Event: 120.102 Loading class java/util/HashMapCustomizer done
Event: 120.153 Loading class java/lang/BooleanBeanInfo
Event: 120.153 Loading class java/lang/BooleanBeanInfo done
Event: 120.153 Loading class java/lang/BooleanBeanInfo
Event: 120.153 Loading class java/lang/BooleanBeanInfo done
Event: 120.153 Loading class java/lang/BooleanCustomizer
Event: 120.153 Loading class java/lang/BooleanCustomizer done
Event: 120.154 Loading class java/lang/BooleanCustomizer
Event: 120.154 Loading class java/lang/BooleanCustomizer done
Event: 120.154 Loading class jdk/internal/ValueBased
Event: 120.154 Loading class jdk/internal/ValueBased done

Classes unloaded (0 events):
No events

Classes redefined (0 events):
No events

Internal exceptions (20 events):
Event: 174.733 Thread 0x00000261d5120590 Exception <a 'java/lang/NoSuchMethodError'{0x000000070c472e60}: static Lorg/gradle/tooling/internal/consumer/versioning/VersionDetails;.<clinit>()V> (0x000000070c472e60) 
thrown [s\open\src\hotspot\share\prims\jni.cpp, line 1106]
Event: 174.734 Thread 0x00000261d5120590 Exception <a 'java/lang/NoSuchMethodError'{0x000000070c475850}: static Lorg/gradle/tooling/internal/consumer/versioning/VersionDetails$R26VersionDetails;.<clinit>()V> (0x000000070c475850) 
thrown [s\open\src\hotspot\share\prims\jni.cpp, line 1106]
Event: 174.734 Thread 0x00000261d5120590 Exception <a 'java/lang/NoSuchMethodError'{0x000000070c476e58}: static Lorg/gradle/tooling/internal/consumer/versioning/VersionDetails$R28VersionDetails;.<clinit>()V> (0x000000070c476e58) 
thrown [s\open\src\hotspot\share\prims\jni.cpp, line 1106]
Event: 174.761 Thread 0x00000261d5120590 Exception <a 'java/lang/NoSuchMethodError'{0x000000070c4783a0}: static Lorg/gradle/tooling/internal/consumer/versioning/VersionDetails$R35VersionDetails;.<clinit>()V> (0x000000070c4783a0) 
thrown [s\open\src\hotspot\share\prims\jni.cpp, line 1106]
Event: 174.762 Thread 0x00000261d5120590 Exception <a 'java/lang/NoSuchMethodError'{0x000000070c4797f0}: static Lorg/gradle/tooling/internal/consumer/versioning/VersionDetails$R44VersionDetails;.<clinit>()V> (0x000000070c4797f0) 
thrown [s\open\src\hotspot\share\prims\jni.cpp, line 1106]
Event: 174.764 Thread 0x00000261d5120590 Exception <a 'java/lang/NoSuchMethodError'{0x000000070c47ab88}: static Lorg/gradle/tooling/internal/consumer/versioning/VersionDetails$R48VersionDetails;.<clinit>()V> (0x000000070c47ab88) 
thrown [s\open\src\hotspot\share\prims\jni.cpp, line 1106]
Event: 174.765 Thread 0x00000261d5120590 Exception <a 'java/lang/NoSuchMethodError'{0x000000070c47bdc0}: static Lorg/gradle/tooling/internal/consumer/versioning/VersionDetails$R51VersionDetails;.<clinit>()V> (0x000000070c47bdc0) 
thrown [s\open\src\hotspot\share\prims\jni.cpp, line 1106]
Event: 174.773 Thread 0x00000261d5120590 Exception <a 'java/lang/NoSuchMethodError'{0x000000070c48a8e8}: static [Lorg/gradle/tooling/BuildAction;.<clinit>()V> (0x000000070c48a8e8) 
thrown [s\open\src\hotspot\share\prims\jni.cpp, line 1106]
Event: 174.775 Thread 0x00000261d5120590 Exception <a 'java/lang/NoSuchMethodError'{0x000000070c497e40}: static Lorg/eclipse/buildship/core/internal/workspace/TellGradleToRunSynchronizationTasks;.<clinit>()V> (0x000000070c497e40) 
thrown [s\open\src\hotspot\share\prims\jni.cpp, line 1106]
Event: 175.448 Thread 0x00000261d5120590 Exception <a 'sun/nio/fs/WindowsException'{0x000000070c27fd98}> (0x000000070c27fd98) 
thrown [s\open\src\hotspot\share\prims\jni.cpp, line 516]
Event: 175.449 Thread 0x00000261d5120590 Exception <a 'sun/nio/fs/WindowsException'{0x000000070c281530}> (0x000000070c281530) 
thrown [s\open\src\hotspot\share\prims\jni.cpp, line 516]
Event: 175.460 Thread 0x00000261d5120590 Exception <a 'sun/nio/fs/WindowsException'{0x000000070c282cb8}> (0x000000070c282cb8) 
thrown [s\open\src\hotspot\share\prims\jni.cpp, line 516]
Event: 175.461 Thread 0x00000261d5120590 Exception <a 'sun/nio/fs/WindowsException'{0x000000070c284418}> (0x000000070c284418) 
thrown [s\open\src\hotspot\share\prims\jni.cpp, line 516]
Event: 177.523 Thread 0x00000261d5120590 Exception <a 'sun/nio/fs/WindowsException'{0x000000070a9d7098}> (0x000000070a9d7098) 
thrown [s\open\src\hotspot\share\prims\jni.cpp, line 516]
Event: 177.523 Thread 0x00000261d5120590 Exception <a 'sun/nio/fs/WindowsException'{0x000000070a9d8720}> (0x000000070a9d8720) 
thrown [s\open\src\hotspot\share\prims\jni.cpp, line 516]
Event: 177.524 Thread 0x00000261d5120590 Exception <a 'sun/nio/fs/WindowsException'{0x000000070a9daa80}> (0x000000070a9daa80) 
thrown [s\open\src\hotspot\share\prims\jni.cpp, line 516]
Event: 177.896 Thread 0x00000261d5120590 Implicit null exception at 0x00000261c6a93603 to 0x00000261c6a938e4
Event: 180.071 Thread 0x00000261d5120590 Exception <a 'sun/nio/fs/WindowsException'{0x000000070cdb7558}> (0x000000070cdb7558) 
thrown [s\open\src\hotspot\share\prims\jni.cpp, line 516]
Event: 180.222 Thread 0x00000261d5120590 Exception <a 'sun/nio/fs/WindowsException'{0x000000070cbb58b0}> (0x000000070cbb58b0) 
thrown [s\open\src\hotspot\share\prims\jni.cpp, line 516]
Event: 180.222 Thread 0x00000261d5120590 Exception <a 'sun/nio/fs/WindowsException'{0x000000070cbb78f0}> (0x000000070cbb78f0) 
thrown [s\open\src\hotspot\share\prims\jni.cpp, line 516]

VM Operations (20 events):
Event: 119.706 Executing safepoint VM operation: G1CollectForAllocation (G1 Evacuation Pause)
Event: 119.740 Executing safepoint VM operation: G1CollectForAllocation (G1 Evacuation Pause) done
Event: 120.295 Executing non-safepoint VM operation: HandshakeAllThreads (HandshakeForDeflation)
Event: 120.295 Executing non-safepoint VM operation: HandshakeAllThreads (HandshakeForDeflation) done
Event: 120.295 Executing non-safepoint VM operation: RendezvousGCThreads
Event: 120.295 Executing non-safepoint VM operation: RendezvousGCThreads done
Event: 125.538 Executing safepoint VM operation: G1CollectForAllocation (G1 Evacuation Pause)
Event: 125.566 Executing safepoint VM operation: G1CollectForAllocation (G1 Evacuation Pause) done
Event: 126.150 Executing safepoint VM operation: G1PauseRemark
Event: 126.170 Executing safepoint VM operation: G1PauseRemark done
Event: 126.361 Executing safepoint VM operation: G1PauseCleanup
Event: 126.361 Executing safepoint VM operation: G1PauseCleanup done
Event: 177.724 Executing safepoint VM operation: G1CollectForAllocation (G1 Evacuation Pause)
Event: 177.744 Executing safepoint VM operation: G1CollectForAllocation (G1 Evacuation Pause) done
Event: 180.369 Executing non-safepoint VM operation: HandshakeAllThreads (HandshakeForDeflation)
Event: 180.369 Executing non-safepoint VM operation: HandshakeAllThreads (HandshakeForDeflation) done
Event: 180.369 Executing non-safepoint VM operation: RendezvousGCThreads
Event: 180.369 Executing non-safepoint VM operation: RendezvousGCThreads done
Event: 181.705 Executing safepoint VM operation: G1CollectForAllocation (G1 Evacuation Pause)
Event: 181.766 Executing safepoint VM operation: G1CollectForAllocation (G1 Evacuation Pause) done

Memory protections (0 events):
No events

Nmethod flushes (20 events):
Event: 126.165 Thread 0x00000261b633ea30 flushing  nmethod 0x00000261bf3ae488
Event: 126.165 Thread 0x00000261b633ea30 flushing osr nmethod 0x00000261bf3b3488
Event: 126.165 Thread 0x00000261b633ea30 flushing  nmethod 0x00000261bf3d7608
Event: 126.165 Thread 0x00000261b633ea30 flushing  nmethod 0x00000261bf3e2f08
Event: 126.165 Thread 0x00000261b633ea30 flushing  nmethod 0x00000261bf402608
Event: 126.165 Thread 0x00000261b633ea30 flushing  nmethod 0x00000261bf43a208
Event: 126.165 Thread 0x00000261b633ea30 flushing  nmethod 0x00000261bf4c4588
Event: 126.165 Thread 0x00000261b633ea30 flushing  nmethod 0x00000261bf4c4e88
Event: 126.165 Thread 0x00000261b633ea30 flushing  nmethod 0x00000261bf8aed88
Event: 126.165 Thread 0x00000261b633ea30 flushing  nmethod 0x00000261bf8af088
Event: 126.165 Thread 0x00000261b633ea30 flushing  nmethod 0x00000261bf912e88
Event: 126.165 Thread 0x00000261b633ea30 flushing  nmethod 0x00000261bfafd888
Event: 126.165 Thread 0x00000261b633ea30 flushing  nmethod 0x00000261bfb86b88
Event: 126.165 Thread 0x00000261b633ea30 flushing  nmethod 0x00000261bfe00008
Event: 126.165 Thread 0x00000261b633ea30 flushing  nmethod 0x00000261bfe42f08
Event: 126.165 Thread 0x00000261b633ea30 flushing  nmethod 0x00000261bfe43b88
Event: 126.165 Thread 0x00000261b633ea30 flushing  nmethod 0x00000261bfe69208
Event: 126.165 Thread 0x00000261b633ea30 flushing  nmethod 0x00000261bfecf088
Event: 126.165 Thread 0x00000261b633ea30 flushing  nmethod 0x00000261bff45a88
Event: 126.165 Thread 0x00000261b633ea30 flushing  nmethod 0x00000261bffb2d88

Events (20 events):
Event: 135.910 Thread 0x00000261f6ac9c40 Thread exited: 0x00000261f6ac9c40
Event: 155.436 Thread 0x00000261dce31230 Thread exited: 0x00000261dce31230
Event: 173.730 Thread 0x00000261daee6cc0 Thread added: 0x00000261f6ac5dc0
Event: 173.814 Thread 0x00000261daee6cc0 Thread added: 0x00000261f6ac6d60
Event: 173.835 Thread 0x00000261d5120590 Thread added: 0x00000261f6ac4e20
Event: 173.841 Thread 0x00000261d5120590 Thread added: 0x00000261f6acabe0
Event: 173.845 Thread 0x00000261d5120590 Thread added: 0x00000261f6ac6590
Event: 173.877 Thread 0x00000261d5120590 Thread added: 0x00000261f6e088c0
Event: 173.961 Thread 0x00000261d5120590 Thread added: 0x00000261f6e07150
Event: 174.948 Thread 0x00000261d5120590 Thread added: 0x00000261f6e032d0
Event: 174.974 Thread 0x00000261d5120590 Thread added: 0x00000261f6e03aa0
Event: 175.224 Thread 0x00000261d5120590 Thread added: 0x00000261f6e04a40
Event: 175.761 Thread 0x00000261d5120590 Thread added: 0x00000261f6e059e0
Event: 176.277 Thread 0x00000261d5120590 Thread added: 0x00000261d5b7c840
Event: 178.871 Thread 0x00000261d5120590 Thread added: 0x00000261d5b82600
Event: 178.871 Thread 0x00000261d5120590 Thread added: 0x00000261d5b7b0d0
Event: 178.871 Thread 0x00000261d5120590 Thread added: 0x00000261d5b7b8a0
Event: 179.593 Thread 0x00000261d5120590 Thread added: 0x00000261dce33170
Event: 179.593 Thread 0x00000261d5120590 Thread added: 0x00000261dce350b0
Event: 179.593 Thread 0x00000261d5120590 Thread added: 0x00000261dce31230


Dynamic libraries:
0x00007ff76e570000 - 0x00007ff76e580000 	C:\Program Files\Java\jdk-25.0.2\bin\java.exe
0x00007ff9afe30000 - 0x00007ff9b0028000 	C:\Windows\SYSTEM32\ntdll.dll
0x00007ff9af4f0000 - 0x00007ff9af5b2000 	C:\Windows\System32\KERNEL32.DLL
0x00007ff9adaa0000 - 0x00007ff9add96000 	C:\Windows\System32\KERNELBASE.dll
0x00007ff9ad760000 - 0x00007ff9ad860000 	C:\Windows\System32\ucrtbase.dll
0x00007ff9748c0000 - 0x00007ff9748d7000 	C:\Program Files\Java\jdk-25.0.2\bin\jli.dll
0x00007ff9ade50000 - 0x00007ff9adff1000 	C:\Windows\System32\USER32.dll
0x00007ff9ada70000 - 0x00007ff9ada92000 	C:\Windows\System32\win32u.dll
0x00007ff9736b0000 - 0x00007ff9736ce000 	C:\Program Files\Java\jdk-25.0.2\bin\VCRUNTIME140.dll
0x00007ff9ae000000 - 0x00007ff9ae02b000 	C:\Windows\System32\GDI32.dll
0x00007ff9ad900000 - 0x00007ff9ada19000 	C:\Windows\System32\gdi32full.dll
0x00007ff9ad860000 - 0x00007ff9ad8fd000 	C:\Windows\System32\msvcp_win.dll
0x00007ff998e00000 - 0x00007ff99909b000 	C:\Windows\WinSxS\amd64_microsoft.windows.common-controls_6595b64144ccf1df_6.0.19041.6456_none_60b8a6cb71f64256\COMCTL32.dll
0x00007ff9ae030000 - 0x00007ff9ae0ce000 	C:\Windows\System32\msvcrt.dll
0x00007ff9af450000 - 0x00007ff9af47f000 	C:\Windows\System32\IMM32.DLL
0x00007ff992ac0000 - 0x00007ff992acc000 	C:\Program Files\Java\jdk-25.0.2\bin\vcruntime140_1.dll
0x00007ff960470000 - 0x00007ff9604fd000 	C:\Program Files\Java\jdk-25.0.2\bin\msvcp140.dll
0x00007ff935100000 - 0x00007ff935f5f000 	C:\Program Files\Java\jdk-25.0.2\bin\server\jvm.dll
0x00007ff9af020000 - 0x00007ff9af0d1000 	C:\Windows\System32\ADVAPI32.dll
0x00007ff9ae2f0000 - 0x00007ff9ae38f000 	C:\Windows\System32\sechost.dll
0x00007ff9ae490000 - 0x00007ff9ae5b0000 	C:\Windows\System32\RPCRT4.dll
0x00007ff9ad5d0000 - 0x00007ff9ad5f7000 	C:\Windows\System32\bcrypt.dll
0x00007ff9af480000 - 0x00007ff9af4eb000 	C:\Windows\System32\WS2_32.dll
0x00007ff9ac9c0000 - 0x00007ff9aca0b000 	C:\Windows\SYSTEM32\POWRPROF.dll
0x00007ff99bb90000 - 0x00007ff99bbb7000 	C:\Windows\SYSTEM32\WINMM.dll
0x00007ff9a1050000 - 0x00007ff9a105a000 	C:\Windows\SYSTEM32\VERSION.dll
0x00007ff9ac880000 - 0x00007ff9ac892000 	C:\Windows\SYSTEM32\UMPDC.dll
0x00007ff9ab2f0000 - 0x00007ff9ab302000 	C:\Windows\SYSTEM32\kernel.appcore.dll
0x00007ff98da00000 - 0x00007ff98da0a000 	C:\Program Files\Java\jdk-25.0.2\bin\jimage.dll
0x00007ff999d60000 - 0x00007ff999f61000 	C:\Windows\SYSTEM32\DBGHELP.DLL
0x00007ff9977f0000 - 0x00007ff997824000 	C:\Windows\SYSTEM32\dbgcore.DLL
0x00007ff9ad4c0000 - 0x00007ff9ad542000 	C:\Windows\System32\bcryptPrimitives.dll
0x00007ff98d6e0000 - 0x00007ff98d6f0000 	C:\Program Files\Java\jdk-25.0.2\bin\instrument.dll
0x00007ff973690000 - 0x00007ff9736af000 	C:\Program Files\Java\jdk-25.0.2\bin\java.dll
0x00007ff9af320000 - 0x00007ff9af44b000 	C:\Windows\System32\ole32.dll
0x00007ff9ae6e0000 - 0x00007ff9aea34000 	C:\Windows\System32\combase.dll
0x00007ff9af680000 - 0x00007ff9afdf0000 	C:\Windows\System32\SHELL32.dll
0x00007ff9ab4f0000 - 0x00007ff9abc95000 	C:\Windows\SYSTEM32\windows.storage.dll
0x00007ff9ace10000 - 0x00007ff9ace3b000 	C:\Windows\SYSTEM32\Wldp.dll
0x00007ff9af0e0000 - 0x00007ff9af1ad000 	C:\Windows\System32\OLEAUT32.dll
0x00007ff9af1c0000 - 0x00007ff9af26d000 	C:\Windows\System32\SHCORE.dll
0x00007ff9af5c0000 - 0x00007ff9af61b000 	C:\Windows\System32\shlwapi.dll
0x00007ff9ad3f0000 - 0x00007ff9ad414000 	C:\Windows\SYSTEM32\profapi.dll
0x00007ff973670000 - 0x00007ff973687000 	C:\Program Files\Java\jdk-25.0.2\bin\zip.dll
0x00007ff96c890000 - 0x00007ff96c8a2000 	C:\Program Files\Java\jdk-25.0.2\bin\net.dll
0x00007ff9acbf0000 - 0x00007ff9acc5a000 	C:\Windows\system32\mswsock.dll
0x00007ff96c870000 - 0x00007ff96c886000 	C:\Program Files\Java\jdk-25.0.2\bin\nio.dll
0x00007ff989ea0000 - 0x00007ff989eb0000 	C:\Program Files\Java\jdk-25.0.2\bin\verify.dll
0x00007ff94c030000 - 0x00007ff94c057000 	C:\Users\LENOVO Z40\.gradle\native\660c5614fbf4a5f2a75b1949f50a0caf5cd603558e7d8a26e50b933a0cfb79d1\windows-amd64\native-platform.dll
0x00007ff9603f0000 - 0x00007ff960467000 	C:\Users\LENOVO Z40\.gradle\native\0.2.8\x86_64-windows-gnu\gradle-fileevents.dll
0x00007ff989290000 - 0x00007ff98929a000 	C:\Program Files\Java\jdk-25.0.2\bin\management.dll
0x00007ff9890b0000 - 0x00007ff9890bc000 	C:\Program Files\Java\jdk-25.0.2\bin\management_ext.dll
0x00007ff9ae2e0000 - 0x00007ff9ae2e8000 	C:\Windows\System32\PSAPI.DLL
0x00007ff9ac8a0000 - 0x00007ff9ac8db000 	C:\Windows\SYSTEM32\IPHLPAPI.DLL
0x00007ff9af1b0000 - 0x00007ff9af1b8000 	C:\Windows\System32\NSI.dll
0x00007ff986e80000 - 0x00007ff986e89000 	C:\Program Files\Java\jdk-25.0.2\bin\extnet.dll
0x00007ff9ace50000 - 0x00007ff9ace68000 	C:\Windows\SYSTEM32\CRYPTSP.dll
0x00007ff9ac4c0000 - 0x00007ff9ac4f8000 	C:\Windows\system32\rsaenh.dll
0x00007ff9ad370000 - 0x00007ff9ad39e000 	C:\Windows\SYSTEM32\USERENV.dll
0x00007ff9acd80000 - 0x00007ff9acd8c000 	C:\Windows\SYSTEM32\CRYPTBASE.dll
0x00007ff97fa20000 - 0x00007ff97fa2e000 	C:\Program Files\Java\jdk-25.0.2\bin\sunmscapi.dll
0x00007ff9ad600000 - 0x00007ff9ad75d000 	C:\Windows\System32\CRYPT32.dll
0x00007ff9acf60000 - 0x00007ff9acf87000 	C:\Windows\SYSTEM32\ncrypt.dll
0x00007ff9acf20000 - 0x00007ff9acf5b000 	C:\Windows\SYSTEM32\NTASN1.dll
0x00007ff9a7170000 - 0x00007ff9a7177000 	C:\Windows\system32\wshunix.dll
0x00007ff9ac8f0000 - 0x00007ff9ac9ba000 	C:\Windows\SYSTEM32\DNSAPI.dll
0x00007ff9a5a30000 - 0x00007ff9a5a3a000 	C:\Windows\System32\rasadhlp.dll
0x00007ff9a4ae0000 - 0x00007ff9a4b60000 	C:\Windows\System32\fwpuclnt.dll

JVMTI agents:
C:\Users\LENOVO Z40\.gradle\wrapper\dists\gradle-9.3.1-bin\23ovyewtku6u96viwx3xl3oks\gradle-9.3.1\lib\agents\gradle-instrumentation-agent-9.3.1.jar path:C:\Program Files\Java\jdk-25.0.2\bin\instrument.dll, loaded, initialized, instrumentlib options:none

dbghelp: loaded successfully - version: 4.0.5 - missing functions: none
symbol engine: initialized successfully - sym options: 0x614 - pdb path: .;C:\Program Files\Java\jdk-25.0.2\bin;C:\Windows\SYSTEM32;C:\Windows\WinSxS\amd64_microsoft.windows.common-controls_6595b64144ccf1df_6.0.19041.6456_none_60b8a6cb71f64256;C:\Program Files\Java\jdk-25.0.2\bin\server;C:\Users\LENOVO Z40\.gradle\native\660c5614fbf4a5f2a75b1949f50a0caf5cd603558e7d8a26e50b933a0cfb79d1\windows-amd64;C:\Users\LENOVO Z40\.gradle\native\0.2.8\x86_64-windows-gnu

VM Arguments:
jvm_args: --add-opens=java.base/java.lang=ALL-UNNAMED --add-opens=java.base/java.lang.invoke=ALL-UNNAMED --add-opens=java.base/java.util=ALL-UNNAMED --add-opens=java.prefs/java.util.prefs=ALL-UNNAMED --add-exports=jdk.compiler/com.sun.tools.javac.api=ALL-UNNAMED --add-exports=jdk.compiler/com.sun.tools.javac.util=ALL-UNNAMED --add-opens=java.base/java.util=ALL-UNNAMED --add-opens=java.prefs/java.util.prefs=ALL-UNNAMED --add-opens=java.base/java.nio.charset=ALL-UNNAMED --add-opens=java.base/java.net=ALL-UNNAMED --add-opens=java.base/java.util.concurrent=ALL-UNNAMED --add-opens=java.base/java.util.concurrent.atomic=ALL-UNNAMED --add-opens=java.xml/javax.xml.namespace=ALL-UNNAMED --add-opens=java.base/java.time=ALL-UNNAMED --enable-native-access=ALL-UNNAMED -XX:MaxMetaspaceSize=1024m -XX:+HeapDumpOnOutOfMemoryError -Xmx4096m -Dfile.encoding=UTF-8 -Duser.country=US -Duser.language=en -Duser.variant -javaagent:C:\Users\LENOVO Z40\.gradle\wrapper\dists\gradle-9.3.1-bin\23ovyewtku6u96viwx3xl3oks\gradle-9.3.1\lib\agents\gradle-instrumentation-agent-9.3.1.jar 
java_command: org.gradle.launcher.daemon.bootstrap.GradleDaemon 9.3.1
java_class_path (initial): C:\Users\LENOVO Z40\.gradle\wrapper\dists\gradle-9.3.1-bin\23ovyewtku6u96viwx3xl3oks\gradle-9.3.1\lib\gradle-daemon-main-9.3.1.jar
Launcher Type: SUN_STANDARD

[Global flags]
     intx CICompilerCount                          = 3                                         {product} {ergonomic}
   size_t CompressedClassSpaceSize                 = 872415232                                 {product} {ergonomic}
     uint ConcGCThreads                            = 1                                         {product} {ergonomic}
     uint G1ConcRefinementThreads                  = 4                                         {product} {ergonomic}
   size_t G1HeapRegionSize                         = 2097152                                   {product} {ergonomic}
     bool HeapDumpOnOutOfMemoryError               = true                                   {manageable} {command line}
   size_t InitialHeapSize                          = 134217728                                 {product} {ergonomic}
   size_t MarkStackSize                            = 4194304                                   {product} {ergonomic}
   size_t MarkStackSizeMax                         = 536870912                                 {product} {ergonomic}
   size_t MaxHeapSize                              = 4294967296                                {product} {command line}
   size_t MaxMetaspaceSize                         = 1073741824                                {product} {command line}
   size_t MaxNewSize                               = 2575302656                                {product} {ergonomic}
   size_t MinHeapDeltaBytes                        = 2097152                                   {product} {ergonomic}
   size_t MinHeapSize                              = 8388608                                   {product} {ergonomic}
    uintx NonNMethodCodeHeapSize                   = 5832704                                {pd product} {ergonomic}
    uintx NonProfiledCodeHeapSize                  = 122945536                              {pd product} {ergonomic}
    uintx ProfiledCodeHeapSize                     = 122880000                              {pd product} {ergonomic}
    uintx ReservedCodeCacheSize                    = 251658240                              {pd product} {ergonomic}
     bool SegmentedCodeCache                       = true                                      {product} {ergonomic}
   size_t SoftMaxHeapSize                          = 4294967296                             {manageable} {ergonomic}
     bool UseCompressedOops                        = true                           {product lp64_product} {ergonomic}
     bool UseG1GC                                  = true                                      {product} {ergonomic}
     bool UseLargePagesIndividualAllocation        = false                                  {pd product} {ergonomic}

Logging:
Log output configuration:
 #0: stdout all=warning uptime,level,tags foldmultilines=false
 #1: stderr all=off uptime,level,tags foldmultilines=false

Release file:
IMPLEMENTOR="Oracle Corporation" 
JAVA_RUNTIME_VERSION="25.0.2+10-LTS-69" 
JAVA_VERSION="25.0.2" 
JAVA_VERSION_DATE="2026-01-20" 
LIBC="default" 
MODULES="java.base java.compiler java.datatransfer java.xml java.prefs java.desktop java.instrument java.logging java.management java.security.sasl java.naming java.rmi java.management.rmi java.net.http java.scripting java.security.jgss java.transaction.xa java.sql java.sql.rowset java.xml.crypto java.se java.smartcardio jdk.accessibility jdk.internal.jvmstat jdk.attach jdk.charsets jdk.internal.opt jdk.zipfs jdk.compiler jdk.crypto.cryptoki jdk.crypto.ec jdk.crypto.mscapi jdk.dynalink jdk.internal.ed jdk.editpad jdk.internal.vm.ci jdk.graal.compiler jdk.graal.compiler.management jdk.hotspot.agent jdk.httpserver jdk.incubator.vector jdk.internal.le jdk.internal.md jdk.jartool jdk.javadoc jdk.jcmd jdk.management jdk.management.agent jdk.jconsole jdk.jdeps jdk.jdwp.agent jdk.jdi jdk.jfr jdk.jlink jdk.jpackage jdk.jshell jdk.jsobject jdk.jstatd jdk.localedata jdk.management.jfr jdk.naming.dns jdk.naming.rmi jdk.net jdk.nio.mapmode jdk.sctp jdk.security.auth jdk.security.jgss jdk.unsupported jdk.unsupported.desktop jdk.xml.dom" 
OS_ARCH="x86_64" 
OS_NAME="Windows" 
SOURCE=".:git:b75efb40c93a open:git:405a5699ebd0" 

Environment Variables:
JAVA_HOME=C:\Program Files\Java\jdk-25.0.2
PATH=C:\Program Files\Common Files\Oracle\Java\javapath;C:\Program Files (x86)\Common Files\Oracle\Java\java8path;C:\Program Files (x86)\Common Files\Oracle\Java\javapath;C:\Windows\system32;C:\Windows;C:\Windows\System32\Wbem;C:\Windows\System32\WindowsPowerShell\v1.0\;C:\Windows\System32\OpenSSH\;C:\Program Files (x86)\NVIDIA Corporation\PhysX\Common;C:\Program Files\dotnet\;C:\Program Files\Microsoft SQL Server\150\Tools\Binn\;C:\TDM-GCC-32\bin;C:\php;C:\Program Files\Docker\Docker\resources\bin;C:\Program Files\nodejs\;C:\ProgramData\ComposerSetup\bin;C:\Strawberry\c\bin;C:\Strawberry\perl\site\bin;C:\Strawberry\perl\bin;C:\Program Files\NVIDIA Corporation\NVIDIA App\NvDLISR;C:\Program Files\Git\bin;C:\Users\LENOVO Z40\AppData\Local\Programs\Python\Python312\;C:\Program Files\Java\jdk-25.0.2\bin;C:\Users\LENOVO Z40\AppData\Local\Programs\Python\Python311\Scripts;C:\ProgramData\Microsoft\Windows\Start Menu\Programs\Node.js;C:\Users\LENOVO Z40\AppData\Local\Programs\Microsoft VS Code\bin;C:\php;C:\php\php.exe;C:\Users\LENOVO Z40\AppData\Roaming\Composer\vendor\bin;C:\MinGW\bin;C:\MinGW\include;C:\MinGW\freeglut\bin;C:\Users\LENOVO Z40\AppData\Local\Python\pythoncore-3.14-64\Scripts;C:\Users\LENOVO Z40\AppData\Local\Python\bin;C:\Users\LENOVO Z40\AppData\Local\Python;C:\Users\LENOVO Z40\.dotnet\tools;C:\Program Files\JetBrains\IntelliJ IDEA 2025.3.4\bin;C:\Users\LENOVO Z40\AppData\Local\Microsoft\WindowsApps;C:\Users\LENOVO Z40\AppData\Roaming\npm;C:\composer;C:\Users\LENOVO Z40\AppData\Local\Programs\cursor\resources\app\bin
USERNAME=LENOVO Z40
OS=Windows_NT
PROCESSOR_IDENTIFIER=Intel64 Family 6 Model 69 Stepping 1, GenuineIntel
TMP=C:\Users\LENOVO~1\AppData\Local\Temp
TEMP=C:\Users\LENOVO~1\AppData\Local\Temp




Compilation memory statistics disabled.

Periodic native trim disabled

---------------  S Y S T E M  ---------------

OS:
 Windows 10 , 64 bit Build 19041 (10.0.19041.5915)
OS uptime: 0 days 11:35 hours
Hyper-V role detected

CPU: total 4 (initial active 4) (2 cores per cpu, 2 threads per core) family 6 model 69 stepping 1 microcode 0x26, cx8, cmov, fxsr, ht, mmx, sse, sse2, sse3, ssse3, sse4.1, sse4.2, popcnt, lzcnt, tsc, tscinvbit, avx, avx2, aes, erms, clmul, bmi1, bmi2, fma, vzeroupper, clflush, hv, rdtscp, f16c
Processor Information for the first 4 processors :
  Max Mhz: 2601, Current Mhz: 2000, Mhz Limit: 1976

Memory: 4k page, system-wide physical 8084M (271M free)
TotalPageFile size 16276M (AvailPageFile size 0M)
current process WorkingSet (physical memory assigned to process): 501M, peak: 525M
current process commit charge ("private bytes"): 654M, peak: 669M

vm_info: Java HotSpot(TM) 64-Bit Server VM (25.0.2+10-LTS-69) for windows-amd64 JRE (25.0.2+10-LTS-69), built on 2025-12-18T11:36:35Z with MS VC++ 17.13 (VS2022)

END.
