#
# There is insufficient memory for the Java Runtime Environment to continue.
# Native memory allocation (malloc) failed to allocate 32784 bytes. Error detail: Chunk::new
# Possible reasons:
#   The system is out of physical RAM or swap space
#   This process is running with CompressedOops enabled, and the Java Heap may be blocking the growth of the native heap
# Possible solutions:
#   Reduce memory load on the system
#   Increase physical memory or swap space
#   Check if swap backing store is full
#   Decrease Java heap size (-Xmx/-Xms)
#   Decrease number of Java threads
#   Decrease Java thread stack sizes (-Xss)
#   Set larger code cache with -XX:ReservedCodeCacheSize=
#   JVM is running with Zero Based Compressed Oops mode in which the Java heap is
#     placed in the first 32GB address space. The Java Heap base address is the
#     maximum limit for the native heap growth. Please use -XX:HeapBaseMinAddress
#     to set the Java Heap base and to place the Java Heap above 32GB virtual address.
# This output file may be truncated or incomplete.
#
#  Out of Memory Error (arena.cpp:168), pid=14368, tid=10900
#
# JRE version: OpenJDK Runtime Environment Temurin-21.0.12.1+1 (21.0.12.1+1) (build 21.0.12.1+1-LTS)
# Java VM: OpenJDK 64-Bit Server VM Temurin-21.0.12.1+1 (21.0.12.1+1-LTS, mixed mode, sharing, tiered, compressed oops, compressed class ptrs, g1 gc, windows-amd64)
# No core dump will be written. Minidumps are not enabled by default on client versions of Windows
#

---------------  S U M M A R Y ------------

Command Line: --add-opens=java.base/java.lang=ALL-UNNAMED --add-opens=java.base/java.lang.invoke=ALL-UNNAMED --add-opens=java.base/java.util=ALL-UNNAMED --add-opens=java.prefs/java.util.prefs=ALL-UNNAMED --add-exports=jdk.compiler/com.sun.tools.javac.api=ALL-UNNAMED --add-exports=jdk.compiler/com.sun.tools.javac.util=ALL-UNNAMED --add-opens=java.base/java.util=ALL-UNNAMED --add-opens=java.prefs/java.util.prefs=ALL-UNNAMED --add-opens=java.base/java.nio.charset=ALL-UNNAMED --add-opens=java.base/java.net=ALL-UNNAMED --add-opens=java.base/java.util.concurrent=ALL-UNNAMED --add-opens=java.base/java.util.concurrent.atomic=ALL-UNNAMED --add-opens=java.xml/javax.xml.namespace=ALL-UNNAMED --add-opens=java.base/java.time=ALL-UNNAMED -XX:MaxMetaspaceSize=1024m -XX:+HeapDumpOnOutOfMemoryError -Xmx4096m -Dfile.encoding=UTF-8 -Duser.country=US -Duser.language=en -Duser.variant -javaagent:C:\Users\LENOVO Z40\.gradle\wrapper\dists\gradle-9.3.1-bin\23ovyewtku6u96viwx3xl3oks\gradle-9.3.1\lib\agents\gradle-instrumentation-agent-9.3.1.jar org.gradle.launcher.daemon.bootstrap.GradleDaemon 9.3.1

Host: Intel(R) Core(TM) i7-4510U CPU @ 2.00GHz, 4 cores, 7G,  Windows 10 , 64 bit Build 19041 (10.0.19041.5915)
Time: Sun Sep 13 21:34:56 2026 SE Asia Standard Time elapsed time: 52.957804 seconds (0d 0h 0m 52s)

---------------  T H R E A D  ---------------

Current thread (0x000002197ed58a40):  JavaThread "C2 CompilerThread0" daemon [_thread_in_native, id=10900, stack(0x000000411b000000,0x000000411b100000) (1024K)]


Current CompileTask:
C2:52958 6034       4       jdk.internal.org.objectweb.asm.MethodWriter::putMethodInfo (1274 bytes)

Stack: [0x000000411b000000,0x000000411b100000]
Native frames: (J=compiled Java code, j=interpreted, Vv=VM code, C=native code)
V  [jvm.dll+0x6d83e9]
V  [jvm.dll+0x8b5736]
V  [jvm.dll+0x8b7cee]
V  [jvm.dll+0x8b83d3]
V  [jvm.dll+0x284596]
V  [jvm.dll+0xc685d]
V  [jvm.dll+0xc6da1]
V  [jvm.dll+0xd283d]
V  [jvm.dll+0x5ff0af]
V  [jvm.dll+0x255d67]
V  [jvm.dll+0x24e0f4]
V  [jvm.dll+0x24bbe6]
V  [jvm.dll+0x1cb4ae]
V  [jvm.dll+0x25baad]
V  [jvm.dll+0x25a03a]
V  [jvm.dll+0x3f8aae]
V  [jvm.dll+0x8600cd]
V  [jvm.dll+0x6d6c1d]
C  [ucrtbase.dll+0x21bb2]
C  [KERNEL32.DLL+0x17374]
C  [ntdll.dll+0x4cc91]


---------------  P R O C E S S  ---------------

Threads class SMR info:
_java_thread_list=0x000002194f68dfe0, length=38, elements={
0x00000219786b42a0, 0x000002197ed52460, 0x000002197ed55180, 0x000002197ed55d90,
0x000002197ed567f0, 0x000002197ed57250, 0x000002197ed57cb0, 0x000002197ed58a40,
0x000002197edc35f0, 0x000002197ef9cf70, 0x000002197efe7730, 0x000002194cd21520,
0x000002194cd21bb0, 0x000002194cd249a0, 0x000002194cd228d0, 0x000002194cd24310,
0x000002194cd22f60, 0x000002194cd235f0, 0x000002194cd23c80, 0x000002194d293d70,
0x000002194d2985a0, 0x000002194d2992c0, 0x000002194d29ad00, 0x000002194d295120,
0x000002194d294400, 0x000002194d2964d0, 0x000002194d294a90, 0x000002194d2957b0,
0x000002194d296b60, 0x000002194d29a670, 0x000002194d297f10, 0x000002194d2971f0,
0x000002194d297880, 0x000002194c3a2a90, 0x000002194c3a1d70, 0x000002194c3a37b0,
0x000002194c3a2400, 0x000002194c3a09c0
}

Java Threads: ( => current thread )
  0x00000219786b42a0 JavaThread "main"                              [_thread_blocked, id=7516, stack(0x000000411a100000,0x000000411a200000) (1024K)]
  0x000002197ed52460 JavaThread "Reference Handler"          daemon [_thread_blocked, id=10892, stack(0x000000411aa00000,0x000000411ab00000) (1024K)]
  0x000002197ed55180 JavaThread "Finalizer"                  daemon [_thread_blocked, id=6332, stack(0x000000411ab00000,0x000000411ac00000) (1024K)]
  0x000002197ed55d90 JavaThread "Signal Dispatcher"          daemon [_thread_blocked, id=12188, stack(0x000000411ac00000,0x000000411ad00000) (1024K)]
  0x000002197ed567f0 JavaThread "Attach Listener"            daemon [_thread_blocked, id=12740, stack(0x000000411ad00000,0x000000411ae00000) (1024K)]
  0x000002197ed57250 JavaThread "Service Thread"             daemon [_thread_blocked, id=14720, stack(0x000000411ae00000,0x000000411af00000) (1024K)]
  0x000002197ed57cb0 JavaThread "Monitor Deflation Thread"   daemon [_thread_blocked, id=12308, stack(0x000000411af00000,0x000000411b000000) (1024K)]
=>0x000002197ed58a40 JavaThread "C2 CompilerThread0"         daemon [_thread_in_native, id=10900, stack(0x000000411b000000,0x000000411b100000) (1024K)]
  0x000002197edc35f0 JavaThread "C1 CompilerThread0"         daemon [_thread_blocked, id=388, stack(0x000000411b100000,0x000000411b200000) (1024K)]
  0x000002197ef9cf70 JavaThread "Common-Cleaner"             daemon [_thread_blocked, id=14384, stack(0x000000411b200000,0x000000411b300000) (1024K)]
  0x000002197efe7730 JavaThread "Notification Thread"        daemon [_thread_blocked, id=7408, stack(0x000000411b300000,0x000000411b400000) (1024K)]
  0x000002194cd21520 JavaThread "Daemon health stats"               [_thread_blocked, id=13960, stack(0x000000411b800000,0x000000411b900000) (1024K)]
  0x000002194cd21bb0 JavaThread "Incoming local TCP Connector on port 62938"        [_thread_in_native, id=12392, stack(0x000000411b600000,0x000000411b700000) (1024K)]
  0x000002194cd249a0 JavaThread "Daemon periodic checks"            [_thread_blocked, id=14264, stack(0x000000411b900000,0x000000411ba00000) (1024K)]
  0x000002194cd228d0 JavaThread "Daemon"                            [_thread_blocked, id=6696, stack(0x000000411ba00000,0x000000411bb00000) (1024K)]
  0x000002194cd24310 JavaThread "Handler for socket connection from /127.0.0.1:62938 to /127.0.0.1:62939"        [_thread_in_native, id=14912, stack(0x000000411bb00000,0x000000411bc00000) (1024K)]
  0x000002194cd22f60 JavaThread "Cancel handler"                    [_thread_blocked, id=10708, stack(0x000000411bc00000,0x000000411bd00000) (1024K)]
  0x000002194cd235f0 JavaThread "Daemon worker"                     [_thread_in_vm, id=4688, stack(0x000000411bd00000,0x000000411be00000) (1024K)]
  0x000002194cd23c80 JavaThread "Asynchronous log dispatcher for DefaultDaemonConnection: socket connection from /127.0.0.1:62938 to /127.0.0.1:62939"        [_thread_blocked, id=13676, stack(0x000000411be00000,0x000000411bf00000) (1024K)]
  0x000002194d293d70 JavaThread "Stdin handler"                     [_thread_blocked, id=13824, stack(0x000000411bf00000,0x000000411c000000) (1024K)]
  0x000002194d2985a0 JavaThread "Daemon client event forwarder"        [_thread_blocked, id=14344, stack(0x000000411c000000,0x000000411c100000) (1024K)]
  0x000002194d2992c0 JavaThread "Cache worker for journal cache (C:\Users\LENOVO Z40\.gradle\caches\journal-1)"        [_thread_blocked, id=12624, stack(0x000000411c100000,0x000000411c200000) (1024K)]
  0x000002194d29ad00 JavaThread "File lock request listener"        [_thread_in_native, id=12524, stack(0x000000411c200000,0x000000411c300000) (1024K)]
  0x000002194d295120 JavaThread "Cache worker for file hash cache (C:\Users\LENOVO Z40\.gradle\caches\9.3.1\fileHashes)"        [_thread_blocked, id=11096, stack(0x000000411c300000,0x000000411c400000) (1024K)]
  0x000002194d294400 JavaThread "Cache worker for file hash cache (C:\xampp\htdocs\root_proj\Root\.gradle\9.3.1\fileHashes)"        [_thread_blocked, id=14452, stack(0x000000411c500000,0x000000411c600000) (1024K)]
  0x000002194d2964d0 JavaThread "Cache worker for Build Output Cleanup Cache (C:\xampp\htdocs\root_proj\Root\.gradle\buildOutputCleanup)"        [_thread_blocked, id=10256, stack(0x000000411c600000,0x000000411c700000) (1024K)]
  0x000002194d294a90 JavaThread "File watcher server"        daemon [_thread_in_native, id=14820, stack(0x000000411c400000,0x000000411c500000) (1024K)]
  0x000002194d2957b0 JavaThread "File watcher consumer"      daemon [_thread_blocked, id=12992, stack(0x000000411c700000,0x000000411c800000) (1024K)]
  0x000002194d296b60 JavaThread "File lock release action executor"        [_thread_blocked, id=12040, stack(0x000000411c800000,0x000000411c900000) (1024K)]
  0x000002194d29a670 JavaThread "Cache worker for checksums cache (C:\xampp\htdocs\root_proj\Root\.gradle\9.3.1\checksums)"        [_thread_blocked, id=14836, stack(0x000000411c900000,0x000000411ca00000) (1024K)]
  0x000002194d297f10 JavaThread "Cache worker for file content cache (C:\Users\LENOVO Z40\.gradle\caches\9.3.1\fileContent)"        [_thread_blocked, id=14112, stack(0x000000411ca00000,0x000000411cb00000) (1024K)]
  0x000002194d2971f0 JavaThread "Cache worker for cache directory md-supplier (C:\Users\LENOVO Z40\.gradle\caches\9.3.1\md-supplier)"        [_thread_blocked, id=14472, stack(0x000000411cb00000,0x000000411cc00000) (1024K)]
  0x000002194d297880 JavaThread "Cache worker for cache directory md-rule (C:\Users\LENOVO Z40\.gradle\caches\9.3.1\md-rule)"        [_thread_blocked, id=14152, stack(0x000000411cc00000,0x000000411cd00000) (1024K)]
  0x000002194c3a2a90 JavaThread "jar transforms"                    [_thread_blocked, id=12184, stack(0x000000411cd00000,0x000000411ce00000) (1024K)]
  0x000002194c3a1d70 JavaThread "jar transforms Thread 2"           [_thread_blocked, id=13744, stack(0x000000411ce00000,0x000000411cf00000) (1024K)]
  0x000002194c3a37b0 JavaThread "Unconstrained build operations"        [_thread_blocked, id=5600, stack(0x000000411cf00000,0x000000411d000000) (1024K)]
  0x000002194c3a2400 JavaThread "Unconstrained build operations Thread 2"        [_thread_blocked, id=2068, stack(0x000000411d000000,0x000000411d100000) (1024K)]
  0x000002194c3a09c0 JavaThread "Unconstrained build operations Thread 3"        [_thread_blocked, id=6148, stack(0x000000411d100000,0x000000411d200000) (1024K)]
Total: 38

Other Threads:
  0x000002197ed36ce0 VMThread "VM Thread"                           [id=11340, stack(0x000000411a900000,0x000000411aa00000) (1024K)]
  0x000002197ed24100 WatcherThread "VM Periodic Task Thread"        [id=15284, stack(0x000000411a800000,0x000000411a900000) (1024K)]
  0x0000021978718c90 WorkerThread "GC Thread#0"                     [id=10908, stack(0x000000411a300000,0x000000411a400000) (1024K)]
  0x000002197f0405a0 WorkerThread "GC Thread#1"                     [id=14964, stack(0x000000411b400000,0x000000411b500000) (1024K)]
  0x000002197f0fe3c0 WorkerThread "GC Thread#2"                     [id=14320, stack(0x000000411b500000,0x000000411b600000) (1024K)]
  0x000002197f4f7b90 WorkerThread "GC Thread#3"                     [id=13072, stack(0x000000411b700000,0x000000411b800000) (1024K)]
  0x000002197872a330 ConcurrentGCThread "G1 Main Marker"            [id=13052, stack(0x000000411a400000,0x000000411a500000) (1024K)]
  0x000002197872bea0 WorkerThread "G1 Conc#0"                       [id=10928, stack(0x000000411a500000,0x000000411a600000) (1024K)]
  0x000002197ec00090 ConcurrentGCThread "G1 Refine#0"               [id=2248, stack(0x000000411a600000,0x000000411a700000) (1024K)]
  0x000002197ec00c60 ConcurrentGCThread "G1 Service"                [id=13208, stack(0x000000411a700000,0x000000411a800000) (1024K)]
Total: 10

Threads with active compile tasks:
C2 CompilerThread0  53016 6034       4       jdk.internal.org.objectweb.asm.MethodWriter::putMethodInfo (1274 bytes)
Total: 1

VM state: not at safepoint (normal execution)

VM Mutex/Monitor currently owned by a thread: None

Heap address: 0x0000000700000000, size: 4096 MB, Compressed Oops mode: Zero based, Oop shift amount: 3

CDS archive(s) mapped at: [0x0000021913000000-0x0000021913ba0000-0x0000021913ba0000), size 12189696, SharedBaseAddress: 0x0000021913000000, ArchiveRelocationMode: 1.
Compressed class space mapped at: 0x0000021914000000-0x0000021948000000, reserved size: 872415232
Narrow klass base: 0x0000021913000000, Narrow klass shift: 0, Narrow klass range: 0x100000000

GC Precious Log:
 CardTable entry size: 512
 Card Set container configuration: InlinePtr #cards 4 size 8 Array Of Cards #cards 16 size 48 Howl #buckets 8 coarsen threshold 3686 Howl Bitmap #cards 512 size 80 coarsen threshold 460 Card regions per heap region 1 cards per card region 4096
 CPUs: 4 total, 4 available
 Memory: 8084M
 Large Page Support: Disabled
 NUMA Support: Disabled
 Compressed Oops: Enabled (Zero based)
 Heap Region Size: 2M
 Heap Min Capacity: 8M
 Heap Initial Capacity: 128M
 Heap Max Capacity: 4G
 Pre-touch: Disabled
 Parallel Workers: 4
 Concurrent Workers: 1
 Concurrent Refinement Workers: 4
 Periodic GC: Disabled

Heap:
 garbage-first heap   total 92160K, used 65796K [0x0000000700000000, 0x0000000800000000)
  region size 2048K, 16 young (32768K), 2 survivors (4096K)
 Metaspace       used 54754K, committed 56640K, reserved 917504K
  class space    used 8121K, committed 9024K, reserved 851968K

Heap Regions: E=young(eden), S=young(survivor), O=old, HS=humongous(starts), HC=humongous(continues), CS=collection set, F=free, TAMS=top-at-mark-start, PB=parsable bottom
|   0|0x0000000700000000, 0x0000000700200000, 0x0000000700200000|100%|HS|  |TAMS 0x0000000700000000| PB 0x0000000700000000| Complete 
|   1|0x0000000700200000, 0x0000000700400000, 0x0000000700400000|100%|HC|  |TAMS 0x0000000700200000| PB 0x0000000700200000| Complete 
|   2|0x0000000700400000, 0x0000000700600000, 0x0000000700600000|100%| O|  |TAMS 0x0000000700400000| PB 0x0000000700400000| Untracked 
|   3|0x0000000700600000, 0x0000000700800000, 0x0000000700800000|100%| O|  |TAMS 0x0000000700600000| PB 0x0000000700600000| Untracked 
|   4|0x0000000700800000, 0x0000000700a00000, 0x0000000700a00000|100%| O|  |TAMS 0x0000000700800000| PB 0x0000000700800000| Untracked 
|   5|0x0000000700a00000, 0x0000000700c00000, 0x0000000700c00000|100%| O|  |TAMS 0x0000000700a00000| PB 0x0000000700a00000| Untracked 
|   6|0x0000000700c00000, 0x0000000700e00000, 0x0000000700e00000|100%| O|  |TAMS 0x0000000700c00000| PB 0x0000000700c00000| Untracked 
|   7|0x0000000700e00000, 0x0000000701000000, 0x0000000701000000|100%| O|  |TAMS 0x0000000700e00000| PB 0x0000000700e00000| Untracked 
|   8|0x0000000701000000, 0x0000000701200000, 0x0000000701200000|100%| O|  |TAMS 0x0000000701000000| PB 0x0000000701000000| Untracked 
|   9|0x0000000701200000, 0x0000000701400000, 0x0000000701400000|100%| O|  |TAMS 0x0000000701200000| PB 0x0000000701200000| Untracked 
|  10|0x0000000701400000, 0x0000000701600000, 0x0000000701600000|100%| O|  |TAMS 0x0000000701400000| PB 0x0000000701400000| Untracked 
|  11|0x0000000701600000, 0x0000000701800000, 0x0000000701800000|100%| O|  |TAMS 0x0000000701600000| PB 0x0000000701600000| Untracked 
|  12|0x0000000701800000, 0x0000000701a00000, 0x0000000701a00000|100%| O|  |TAMS 0x0000000701800000| PB 0x0000000701800000| Untracked 
|  13|0x0000000701a00000, 0x0000000701c00000, 0x0000000701c00000|100%| O|  |TAMS 0x0000000701a00000| PB 0x0000000701a00000| Untracked 
|  14|0x0000000701c00000, 0x0000000701e00000, 0x0000000701e00000|100%| O|  |TAMS 0x0000000701c00000| PB 0x0000000701c00000| Untracked 
|  15|0x0000000701e00000, 0x0000000702000000, 0x0000000702000000|100%| O|  |TAMS 0x0000000701e00000| PB 0x0000000701e00000| Untracked 
|  16|0x0000000702000000, 0x0000000702000000, 0x0000000702200000|  0%| F|  |TAMS 0x0000000702000000| PB 0x0000000702000000| Untracked 
|  17|0x0000000702200000, 0x0000000702200000, 0x0000000702400000|  0%| F|  |TAMS 0x0000000702200000| PB 0x0000000702200000| Untracked 
|  18|0x0000000702400000, 0x0000000702400000, 0x0000000702600000|  0%| F|  |TAMS 0x0000000702400000| PB 0x0000000702400000| Untracked 
|  19|0x0000000702600000, 0x0000000702800000, 0x0000000702800000|100%| O|  |TAMS 0x0000000702600000| PB 0x0000000702600000| Untracked 
|  20|0x0000000702800000, 0x0000000702884ca8, 0x0000000702a00000| 25%| O|  |TAMS 0x0000000702800000| PB 0x0000000702800000| Untracked 
|  21|0x0000000702a00000, 0x0000000702a00000, 0x0000000702c00000|  0%| F|  |TAMS 0x0000000702a00000| PB 0x0000000702a00000| Untracked 
|  22|0x0000000702c00000, 0x0000000702c00000, 0x0000000702e00000|  0%| F|  |TAMS 0x0000000702c00000| PB 0x0000000702c00000| Untracked 
|  23|0x0000000702e00000, 0x0000000702fbc680, 0x0000000703000000| 86%| S|CS|TAMS 0x0000000702e00000| PB 0x0000000702e00000| Complete 
|  24|0x0000000703000000, 0x0000000703200000, 0x0000000703200000|100%| S|CS|TAMS 0x0000000703000000| PB 0x0000000703000000| Complete 
|  25|0x0000000703200000, 0x0000000703200000, 0x0000000703400000|  0%| F|  |TAMS 0x0000000703200000| PB 0x0000000703200000| Untracked 
|  26|0x0000000703400000, 0x0000000703400000, 0x0000000703600000|  0%| F|  |TAMS 0x0000000703400000| PB 0x0000000703400000| Untracked 
|  27|0x0000000703600000, 0x0000000703600000, 0x0000000703800000|  0%| F|  |TAMS 0x0000000703600000| PB 0x0000000703600000| Untracked 
|  28|0x0000000703800000, 0x0000000703800000, 0x0000000703a00000|  0%| F|  |TAMS 0x0000000703800000| PB 0x0000000703800000| Untracked 
|  29|0x0000000703a00000, 0x0000000703a00000, 0x0000000703c00000|  0%| F|  |TAMS 0x0000000703a00000| PB 0x0000000703a00000| Untracked 
|  30|0x0000000703c00000, 0x0000000703c00000, 0x0000000703e00000|  0%| F|  |TAMS 0x0000000703c00000| PB 0x0000000703c00000| Untracked 
|  31|0x0000000703e00000, 0x0000000703ec8e28, 0x0000000704000000| 39%| E|  |TAMS 0x0000000703e00000| PB 0x0000000703e00000| Complete 
|  32|0x0000000704000000, 0x0000000704200000, 0x0000000704200000|100%| E|CS|TAMS 0x0000000704000000| PB 0x0000000704000000| Complete 
|  33|0x0000000704200000, 0x0000000704400000, 0x0000000704400000|100%| E|CS|TAMS 0x0000000704200000| PB 0x0000000704200000| Complete 
|  34|0x0000000704400000, 0x0000000704600000, 0x0000000704600000|100%| E|CS|TAMS 0x0000000704400000| PB 0x0000000704400000| Complete 
|  35|0x0000000704600000, 0x0000000704800000, 0x0000000704800000|100%| E|CS|TAMS 0x0000000704600000| PB 0x0000000704600000| Complete 
|  36|0x0000000704800000, 0x0000000704a00000, 0x0000000704a00000|100%| E|CS|TAMS 0x0000000704800000| PB 0x0000000704800000| Complete 
|  37|0x0000000704a00000, 0x0000000704c00000, 0x0000000704c00000|100%| E|CS|TAMS 0x0000000704a00000| PB 0x0000000704a00000| Complete 
|  38|0x0000000704c00000, 0x0000000704e00000, 0x0000000704e00000|100%| E|CS|TAMS 0x0000000704c00000| PB 0x0000000704c00000| Complete 
|  39|0x0000000704e00000, 0x0000000705000000, 0x0000000705000000|100%| E|CS|TAMS 0x0000000704e00000| PB 0x0000000704e00000| Complete 
|  40|0x0000000705000000, 0x0000000705200000, 0x0000000705200000|100%| E|CS|TAMS 0x0000000705000000| PB 0x0000000705000000| Complete 
|  41|0x0000000705200000, 0x0000000705400000, 0x0000000705400000|100%| E|CS|TAMS 0x0000000705200000| PB 0x0000000705200000| Complete 
|  43|0x0000000705600000, 0x0000000705800000, 0x0000000705800000|100%| E|CS|TAMS 0x0000000705600000| PB 0x0000000705600000| Complete 
|  44|0x0000000705800000, 0x0000000705a00000, 0x0000000705a00000|100%| E|CS|TAMS 0x0000000705800000| PB 0x0000000705800000| Complete 
|  63|0x0000000707e00000, 0x0000000708000000, 0x0000000708000000|100%| E|CS|TAMS 0x0000000707e00000| PB 0x0000000707e00000| Complete 

Card table byte_map: [0x000002197c0c0000,0x000002197c8c0000] _byte_map_base: 0x00000219788c0000

Marking Bits: (CMBitMap*) 0x0000021978719240
 Bits: [0x000002190f000000, 0x0000021913000000)

Polling page: 0x0000021977e80000

Metaspace:

Usage:
  Non-class:     45.54 MB used.
      Class:      7.93 MB used.
       Both:     53.47 MB used.

Virtual space:
  Non-class space:       64.00 MB reserved,      46.50 MB ( 73%) committed,  1 nodes.
      Class space:      832.00 MB reserved,       8.81 MB (  1%) committed,  1 nodes.
             Both:      896.00 MB reserved,      55.31 MB (  6%) committed. 

Chunk freelists:
   Non-Class:  1.22 MB
       Class:  7.19 MB
        Both:  8.41 MB

MaxMetaspaceSize: 1.00 GB
CompressedClassSpaceSize: 832.00 MB
Initial GC threshold: 21.00 MB
Current GC threshold: 58.69 MB
CDS: on
 - commit_granule_bytes: 65536.
 - commit_granule_words: 8192.
 - virtual_space_node_default_size: 8388608.
 - enlarge_chunks_in_place: 1.
 - use_allocation_guard: 0.


Internal statistics:

num_allocs_failed_limit: 6.
num_arena_births: 3350.
num_arena_deaths: 0.
num_vsnodes_births: 2.
num_vsnodes_deaths: 0.
num_space_committed: 885.
num_space_uncommitted: 0.
num_chunks_returned_to_freelist: 6.
num_chunks_taken_from_freelist: 6037.
num_chunk_merges: 6.
num_chunk_splits: 3934.
num_chunks_enlarged: 2405.
num_inconsistent_stats: 0.

CodeHeap 'non-profiled nmethods': size=120000Kb used=3455Kb max_used=3455Kb free=116544Kb
 bounds [0x0000021907ad0000, 0x0000021907e30000, 0x000002190f000000]
CodeHeap 'profiled nmethods': size=120000Kb used=10717Kb max_used=10717Kb free=109282Kb
 bounds [0x0000021900000000, 0x0000021900a80000, 0x0000021907530000]
CodeHeap 'non-nmethods': size=5760Kb used=1914Kb max_used=1954Kb free=3845Kb
 bounds [0x0000021907530000, 0x00000219077a0000, 0x0000021907ad0000]
CodeCache: size=245760Kb, used=16086Kb, max_used=16126Kb, free=229671Kb
 total_blobs=6301, nmethods=5519, adapters=686, full_count=0
Compilation: enabled, stopped_count=0, restarted_count=0

Compilation events (20 events):
Event: 51.933 Thread 0x000002197edc35f0 nmethod 6022 0x0000021900a72910 code [0x0000021900a72aa0, 0x0000021900a72b98]
Event: 52.082 Thread 0x000002197edc35f0 6023       1       com.google.common.collect.MapMakerInternalMap$StrongKeyWeakValueEntry$LinkedStrongKeyWeakValueEntry::getNext (5 bytes)
Event: 52.082 Thread 0x000002197edc35f0 nmethod 6023 0x0000021907e2cb10 code [0x0000021907e2cca0, 0x0000021907e2cd70]
Event: 52.200 Thread 0x000002197ed58a40 6024       4       sun.net.www.ParseUtil::encodePath (41 bytes)
Event: 52.205 Thread 0x000002197ed58a40 nmethod 6024 0x0000021907e2ce10 code [0x0000021907e2cfc0, 0x0000021907e2d238]
Event: 52.211 Thread 0x000002197edc35f0 6025       3       org.gradle.internal.instantiation.generator.AbstractClassGenerator::assembleProperties (239 bytes)
Event: 52.215 Thread 0x000002197edc35f0 nmethod 6025 0x0000021900a72c10 code [0x0000021900a73140, 0x0000021900a75e10]
Event: 52.219 Thread 0x000002197ed58a40 6026       4       jdk.internal.org.objectweb.asm.MethodWriter::endCurrentBasicBlockWithNoSuccessor (94 bytes)
Event: 52.226 Thread 0x000002197edc35f0 6027       3       org.gradle.internal.event.ListenerBroadcast::dispatch (9 bytes)
Event: 52.226 Thread 0x000002197edc35f0 nmethod 6027 0x0000021900a76c90 code [0x0000021900a76e60, 0x0000021900a77208]
Event: 52.232 Thread 0x000002197edc35f0 6030       3       jdk.internal.reflect.ByteVectorImpl::get (26 bytes)
Event: 52.232 Thread 0x000002197edc35f0 nmethod 6030 0x0000021900a77310 code [0x0000021900a774c0, 0x0000021900a77690]
Event: 52.240 Thread 0x000002197ed58a40 nmethod 6026 0x0000021907e2d490 code [0x0000021907e2d660, 0x0000021907e2de08]
Event: 52.240 Thread 0x000002197ed58a40 6031 %     4       sun.security.provider.SHA::implCompress0 @ 27 (478 bytes)
Event: 52.284 Thread 0x000002197ed58a40 nmethod 6031% 0x0000021907e2e110 code [0x0000021907e2e2c0, 0x0000021907e2eb28]
Event: 52.284 Thread 0x000002197ed58a40 6028       4       jdk.internal.reflect.ByteVectorImpl::add (38 bytes)
Event: 52.286 Thread 0x000002197ed58a40 nmethod 6028 0x0000021907e2ee10 code [0x0000021907e2efa0, 0x0000021907e2f0e0]
Event: 52.286 Thread 0x000002197ed58a40 6029       4       jdk.internal.reflect.ClassFileAssembler::emitByte (11 bytes)
Event: 52.290 Thread 0x000002197ed58a40 nmethod 6029 0x0000021907e2f210 code [0x0000021907e2f3c0, 0x0000021907e2f560]
Event: 52.465 Thread 0x000002197ed58a40 6034       4       jdk.internal.org.objectweb.asm.MethodWriter::putMethodInfo (1274 bytes)

GC Heap History (20 events):
Event: 6.922 GC heap before
{Heap before GC invocations=2 (full 0):
 garbage-first heap   total 131072K, used 79631K [0x0000000700000000, 0x0000000800000000)
  region size 2048K, 38 young (77824K), 2 survivors (4096K)
 Metaspace       used 4725K, committed 4992K, reserved 917504K
  class space    used 584K, committed 704K, reserved 851968K
}
Event: 6.936 GC heap after
{Heap after GC invocations=3 (full 0):
 garbage-first heap   total 131072K, used 15608K [0x0000000700000000, 0x0000000800000000)
  region size 2048K, 5 young (10240K), 5 survivors (10240K)
 Metaspace       used 4725K, committed 4992K, reserved 917504K
  class space    used 584K, committed 704K, reserved 851968K
}
Event: 10.835 GC heap before
{Heap before GC invocations=3 (full 0):
 garbage-first heap   total 131072K, used 81144K [0x0000000700000000, 0x0000000800000000)
  region size 2048K, 38 young (77824K), 5 survivors (10240K)
 Metaspace       used 15333K, committed 15744K, reserved 917504K
  class space    used 2107K, committed 2304K, reserved 851968K
}
Event: 10.854 GC heap after
{Heap after GC invocations=4 (full 0):
 garbage-first heap   total 131072K, used 21800K [0x0000000700000000, 0x0000000800000000)
  region size 2048K, 4 young (8192K), 4 survivors (8192K)
 Metaspace       used 15333K, committed 15744K, reserved 917504K
  class space    used 2107K, committed 2304K, reserved 851968K
}
Event: 13.226 GC heap before
{Heap before GC invocations=4 (full 0):
 garbage-first heap   total 131072K, used 56616K [0x0000000700000000, 0x0000000800000000)
  region size 2048K, 23 young (47104K), 4 survivors (8192K)
 Metaspace       used 20888K, committed 21504K, reserved 917504K
  class space    used 2885K, committed 3200K, reserved 851968K
}
Event: 13.239 GC heap after
{Heap after GC invocations=5 (full 0):
 garbage-first heap   total 131072K, used 24152K [0x0000000700000000, 0x0000000800000000)
  region size 2048K, 2 young (4096K), 2 survivors (4096K)
 Metaspace       used 20888K, committed 21504K, reserved 917504K
  class space    used 2885K, committed 3200K, reserved 851968K
}
Event: 16.572 GC heap before
{Heap before GC invocations=6 (full 0):
 garbage-first heap   total 90112K, used 73304K [0x0000000700000000, 0x0000000800000000)
  region size 2048K, 26 young (53248K), 2 survivors (4096K)
 Metaspace       used 27185K, committed 28160K, reserved 917504K
  class space    used 3902K, committed 4352K, reserved 851968K
}
Event: 16.584 GC heap after
{Heap after GC invocations=7 (full 0):
 garbage-first heap   total 90112K, used 27067K [0x0000000700000000, 0x0000000800000000)
  region size 2048K, 3 young (6144K), 3 survivors (6144K)
 Metaspace       used 27185K, committed 28160K, reserved 917504K
  class space    used 3902K, committed 4352K, reserved 851968K
}
Event: 24.981 GC heap before
{Heap before GC invocations=7 (full 0):
 garbage-first heap   total 90112K, used 74171K [0x0000000700000000, 0x0000000800000000)
  region size 2048K, 26 young (53248K), 3 survivors (6144K)
 Metaspace       used 33135K, committed 34432K, reserved 917504K
  class space    used 4927K, committed 5568K, reserved 851968K
}
Event: 24.997 GC heap after
{Heap after GC invocations=8 (full 0):
 garbage-first heap   total 90112K, used 29881K [0x0000000700000000, 0x0000000800000000)
  region size 2048K, 4 young (8192K), 4 survivors (8192K)
 Metaspace       used 33135K, committed 34432K, reserved 917504K
  class space    used 4927K, committed 5568K, reserved 851968K
}
Event: 26.065 GC heap before
{Heap before GC invocations=8 (full 0):
 garbage-first heap   total 90112K, used 33977K [0x0000000700000000, 0x0000000800000000)
  region size 2048K, 8 young (16384K), 4 survivors (8192K)
 Metaspace       used 34641K, committed 35968K, reserved 917504K
  class space    used 5053K, committed 5696K, reserved 851968K
}
Event: 26.081 GC heap after
{Heap after GC invocations=9 (full 0):
 garbage-first heap   total 90112K, used 30529K [0x0000000700000000, 0x0000000800000000)
  region size 2048K, 2 young (4096K), 2 survivors (4096K)
 Metaspace       used 34641K, committed 35968K, reserved 917504K
  class space    used 5053K, committed 5696K, reserved 851968K
}
Event: 31.133 GC heap before
{Heap before GC invocations=10 (full 0):
 garbage-first heap   total 90112K, used 77633K [0x0000000700000000, 0x0000000800000000)
  region size 2048K, 25 young (51200K), 2 survivors (4096K)
 Metaspace       used 38652K, committed 40128K, reserved 917504K
  class space    used 5614K, committed 6336K, reserved 851968K
}
Event: 31.145 GC heap after
{Heap after GC invocations=11 (full 0):
 garbage-first heap   total 90112K, used 33776K [0x0000000700000000, 0x0000000800000000)
  region size 2048K, 4 young (8192K), 4 survivors (8192K)
 Metaspace       used 38652K, committed 40128K, reserved 917504K
  class space    used 5614K, committed 6336K, reserved 851968K
}
Event: 35.149 GC heap before
{Heap before GC invocations=11 (full 0):
 garbage-first heap   total 90112K, used 76784K [0x0000000700000000, 0x0000000800000000)
  region size 2048K, 25 young (51200K), 4 survivors (8192K)
 Metaspace       used 42208K, committed 43904K, reserved 917504K
  class space    used 6212K, committed 7040K, reserved 851968K
}
Event: 35.174 GC heap after
{Heap after GC invocations=12 (full 0):
 garbage-first heap   total 92160K, used 35798K [0x0000000700000000, 0x0000000800000000)
  region size 2048K, 4 young (8192K), 4 survivors (8192K)
 Metaspace       used 42208K, committed 43904K, reserved 917504K
  class space    used 6212K, committed 7040K, reserved 851968K
}
Event: 41.531 GC heap before
{Heap before GC invocations=12 (full 0):
 garbage-first heap   total 92160K, used 78806K [0x0000000700000000, 0x0000000800000000)
  region size 2048K, 25 young (51200K), 4 survivors (8192K)
 Metaspace       used 47271K, committed 49024K, reserved 917504K
  class space    used 6990K, committed 7808K, reserved 851968K
}
Event: 41.549 GC heap after
{Heap after GC invocations=13 (full 0):
 garbage-first heap   total 92160K, used 38146K [0x0000000700000000, 0x0000000800000000)
  region size 2048K, 3 young (6144K), 3 survivors (6144K)
 Metaspace       used 47271K, committed 49024K, reserved 917504K
  class space    used 6990K, committed 7808K, reserved 851968K
}
Event: 47.267 GC heap before
{Heap before GC invocations=13 (full 0):
 garbage-first heap   total 92160K, used 79106K [0x0000000700000000, 0x0000000800000000)
  region size 2048K, 23 young (47104K), 3 survivors (6144K)
 Metaspace       used 52385K, committed 54208K, reserved 917504K
  class space    used 7733K, committed 8640K, reserved 851968K
}
Event: 47.277 GC heap after
{Heap after GC invocations=14 (full 0):
 garbage-first heap   total 92160K, used 39172K [0x0000000700000000, 0x0000000800000000)
  region size 2048K, 2 young (4096K), 2 survivors (4096K)
 Metaspace       used 52385K, committed 54208K, reserved 917504K
  class space    used 7733K, committed 8640K, reserved 851968K
}

Dll operation events (20 events):
Event: 0.796 Attempting to load shared library C:\Users\LENOVO Z40\.vscode\extensions\redhat.java-1.56.0-win32-x64\jre\21.0.12.1-win32-x86_64\bin\nio.dll
Event: 0.801 Loaded shared library C:\Users\LENOVO Z40\.vscode\extensions\redhat.java-1.56.0-win32-x64\jre\21.0.12.1-win32-x86_64\bin\nio.dll
Event: 0.810 Attempting to load shared library C:\Users\LENOVO Z40\.vscode\extensions\redhat.java-1.56.0-win32-x64\jre\21.0.12.1-win32-x86_64\bin\zip.dll
Event: 0.810 Loaded shared library C:\Users\LENOVO Z40\.vscode\extensions\redhat.java-1.56.0-win32-x64\jre\21.0.12.1-win32-x86_64\bin\zip.dll
Event: 2.419 Attempting to load shared library C:\Users\LENOVO Z40\.vscode\extensions\redhat.java-1.56.0-win32-x64\jre\21.0.12.1-win32-x86_64\bin\jimage.dll
Event: 2.419 Loaded shared library C:\Users\LENOVO Z40\.vscode\extensions\redhat.java-1.56.0-win32-x64\jre\21.0.12.1-win32-x86_64\bin\jimage.dll
Event: 3.234 Attempting to load shared library C:\Users\LENOVO Z40\.vscode\extensions\redhat.java-1.56.0-win32-x64\jre\21.0.12.1-win32-x86_64\bin\verify.dll
Event: 3.235 Loaded shared library C:\Users\LENOVO Z40\.vscode\extensions\redhat.java-1.56.0-win32-x64\jre\21.0.12.1-win32-x86_64\bin\verify.dll
Event: 3.338 Attempting to load shared library C:\Users\LENOVO Z40\.gradle\native\660c5614fbf4a5f2a75b1949f50a0caf5cd603558e7d8a26e50b933a0cfb79d1\windows-amd64\native-platform.dll
Event: 3.340 Loaded shared library C:\Users\LENOVO Z40\.gradle\native\660c5614fbf4a5f2a75b1949f50a0caf5cd603558e7d8a26e50b933a0cfb79d1\windows-amd64\native-platform.dll
Event: 3.377 Attempting to load shared library C:\Users\LENOVO Z40\.gradle\native\0.2.8\x86_64-windows-gnu\gradle-fileevents.dll
Event: 3.382 Loaded shared library C:\Users\LENOVO Z40\.gradle\native\0.2.8\x86_64-windows-gnu\gradle-fileevents.dll
Event: 8.048 Attempting to load shared library C:\Users\LENOVO Z40\.vscode\extensions\redhat.java-1.56.0-win32-x64\jre\21.0.12.1-win32-x86_64\bin\management.dll
Event: 8.049 Loaded shared library C:\Users\LENOVO Z40\.vscode\extensions\redhat.java-1.56.0-win32-x64\jre\21.0.12.1-win32-x86_64\bin\management.dll
Event: 8.053 Attempting to load shared library C:\Users\LENOVO Z40\.vscode\extensions\redhat.java-1.56.0-win32-x64\jre\21.0.12.1-win32-x86_64\bin\management_ext.dll
Event: 8.055 Loaded shared library C:\Users\LENOVO Z40\.vscode\extensions\redhat.java-1.56.0-win32-x64\jre\21.0.12.1-win32-x86_64\bin\management_ext.dll
Event: 8.500 Attempting to load shared library C:\Users\LENOVO Z40\.vscode\extensions\redhat.java-1.56.0-win32-x64\jre\21.0.12.1-win32-x86_64\bin\extnet.dll
Event: 8.503 Loaded shared library C:\Users\LENOVO Z40\.vscode\extensions\redhat.java-1.56.0-win32-x64\jre\21.0.12.1-win32-x86_64\bin\extnet.dll
Event: 9.153 Attempting to load shared library C:\Users\LENOVO Z40\.vscode\extensions\redhat.java-1.56.0-win32-x64\jre\21.0.12.1-win32-x86_64\bin\sunmscapi.dll
Event: 9.160 Loaded shared library C:\Users\LENOVO Z40\.vscode\extensions\redhat.java-1.56.0-win32-x64\jre\21.0.12.1-win32-x86_64\bin\sunmscapi.dll

Deoptimization events (20 events):
Event: 50.049 Thread 0x000002194cd235f0 DEOPT PACKING pc=0x0000021907d66b9c sp=0x000000411bdf8660
Event: 50.049 Thread 0x000002194cd235f0 DEOPT UNPACKING pc=0x0000021907584422 sp=0x000000411bdf8618 mode 2
Event: 50.066 Thread 0x000002194cd235f0 Uncommon trap: trap_request=0xffffff45 fr.pc=0x0000021907cee5b0 relative=0x0000000000000110
Event: 50.066 Thread 0x000002194cd235f0 Uncommon trap: reason=unstable_if action=reinterpret pc=0x0000021907cee5b0 method=org.objectweb.asm.ByteVector.putShort(I)Lorg/objectweb/asm/ByteVector; @ 13 c2
Event: 50.066 Thread 0x000002194cd235f0 DEOPT PACKING pc=0x0000021907cee5b0 sp=0x000000411bdf85d0
Event: 50.066 Thread 0x000002194cd235f0 DEOPT UNPACKING pc=0x0000021907584422 sp=0x000000411bdf8568 mode 2
Event: 50.250 Thread 0x000002194cd235f0 Uncommon trap: trap_request=0xffffffd6 fr.pc=0x0000021907dc9d90 relative=0x00000000000003d0
Event: 50.250 Thread 0x000002194cd235f0 Uncommon trap: reason=array_check action=maybe_recompile pc=0x0000021907dc9d90 method=java.util.LinkedHashMap.keysToArray([Ljava/lang/Object;Z)[Ljava/lang/Object; @ 67 c2
Event: 50.250 Thread 0x000002194cd235f0 DEOPT PACKING pc=0x0000021907dc9d90 sp=0x000000411bdf7600
Event: 50.250 Thread 0x000002194cd235f0 DEOPT UNPACKING pc=0x0000021907584422 sp=0x000000411bdf75a0 mode 2
Event: 50.540 Thread 0x000002194cd235f0 Uncommon trap: trap_request=0xffffffd6 fr.pc=0x0000021907dc9d90 relative=0x00000000000003d0
Event: 50.540 Thread 0x000002194cd235f0 Uncommon trap: reason=array_check action=maybe_recompile pc=0x0000021907dc9d90 method=java.util.LinkedHashMap.keysToArray([Ljava/lang/Object;Z)[Ljava/lang/Object; @ 67 c2
Event: 50.540 Thread 0x000002194cd235f0 DEOPT PACKING pc=0x0000021907dc9d90 sp=0x000000411bdf4f40
Event: 50.540 Thread 0x000002194cd235f0 DEOPT UNPACKING pc=0x0000021907584422 sp=0x000000411bdf4ee0 mode 2
Event: 50.553 Thread 0x000002194cd235f0 Uncommon trap: trap_request=0xffffffd6 fr.pc=0x0000021907dc9d90 relative=0x00000000000003d0
Event: 50.553 Thread 0x000002194cd235f0 Uncommon trap: reason=array_check action=maybe_recompile pc=0x0000021907dc9d90 method=java.util.LinkedHashMap.keysToArray([Ljava/lang/Object;Z)[Ljava/lang/Object; @ 67 c2
Event: 50.553 Thread 0x000002194cd235f0 DEOPT PACKING pc=0x0000021907dc9d90 sp=0x000000411bdf4f40
Event: 50.553 Thread 0x000002194cd235f0 DEOPT UNPACKING pc=0x0000021907584422 sp=0x000000411bdf4ee0 mode 2
Event: 51.740 Thread 0x000002194cd235f0 DEOPT PACKING pc=0x00000219001b0d49 sp=0x000000411bdf8ef0
Event: 51.740 Thread 0x000002194cd235f0 DEOPT UNPACKING pc=0x0000021907584bc2 sp=0x000000411bdf83f0 mode 0

Classes loaded (20 events):
Event: 52.234 Loading class java/io/ClassCache$CacheRef
Event: 52.234 Loading class java/io/ClassCache$CacheRef done
Event: 52.234 Loading class java/io/ObjectStreamClass$FieldReflectorKey
Event: 52.234 Loading class java/io/ObjectStreamClass$FieldReflectorKey done
Event: 52.234 Loading class java/io/ObjectStreamClass$FieldReflector
Event: 52.235 Loading class java/io/ObjectStreamClass$FieldReflector done
Event: 52.235 Loading class java/io/ObjectStreamClass$1
Event: 52.236 Loading class java/io/ObjectStreamClass$1 done
Event: 52.236 Loading class java/io/ObjectStreamClass$MemberSignature
Event: 52.236 Loading class java/io/ObjectStreamClass$MemberSignature done
Event: 52.236 Loading class java/io/ObjectStreamClass$3
Event: 52.236 Loading class java/io/ObjectStreamClass$3 done
Event: 52.236 Loading class java/io/ObjectStreamClass$4
Event: 52.237 Loading class java/io/ObjectStreamClass$4 done
Event: 52.237 Loading class java/io/ObjectStreamClass$5
Event: 52.237 Loading class java/io/ObjectStreamClass$5 done
Event: 52.237 Loading class java/io/ObjectStreamClass$ClassDataSlot
Event: 52.237 Loading class java/io/ObjectStreamClass$ClassDataSlot done
Event: 52.464 Loading class jdk/internal/reflect/MethodHandleLongFieldAccessorImpl
Event: 52.464 Loading class jdk/internal/reflect/MethodHandleLongFieldAccessorImpl done

Classes unloaded (0 events):
No events

Classes redefined (0 events):
No events

Internal exceptions (20 events):
Event: 46.473 Thread 0x000002194cd235f0 Exception <a 'java/lang/NoSuchMethodError'{0x00000007035692e0}: 'java.lang.Object java.lang.invoke.Invokers$Holder.invoker(java.lang.Object, java.lang.Object, java.lang.Object, java.lang.Object, java.lang.Object)'> (0x00000007035692e0) 
thrown [s\src\hotspot\share\interpreter\linkResolver.cpp, line 773]
Event: 47.707 Thread 0x000002194cd235f0 Exception <a 'java/lang/ClassNotFoundException'{0x00000007059fc9a8}: org/gradle/internal/metaobject/ConfigureDelegateBeanInfo> (0x00000007059fc9a8) 
thrown [s\src\hotspot\share\classfile\systemDictionary.cpp, line 313]
Event: 47.708 Thread 0x000002194cd235f0 Exception <a 'java/lang/ClassNotFoundException'{0x0000000705608548}: org/gradle/internal/metaobject/ConfigureDelegateCustomizer> (0x0000000705608548) 
thrown [s\src\hotspot\share\classfile\systemDictionary.cpp, line 313]
Event: 47.875 Thread 0x000002194cd235f0 Exception <a 'java/lang/ClassNotFoundException'{0x0000000705734478}: org/gradle/api/internal/project/DefaultProject_DecoratedBeanInfo> (0x0000000705734478) 
thrown [s\src\hotspot\share\classfile\systemDictionary.cpp, line 313]
Event: 47.876 Thread 0x000002194cd235f0 Exception <a 'java/lang/ClassNotFoundException'{0x0000000705740f08}: org/gradle/api/internal/project/DefaultProjectBeanInfo> (0x0000000705740f08) 
thrown [s\src\hotspot\share\classfile\systemDictionary.cpp, line 313]
Event: 47.883 Thread 0x000002194cd235f0 Exception <a 'java/lang/ClassNotFoundException'{0x000000070574dae0}: org/gradle/api/internal/project/DefaultProjectCustomizer> (0x000000070574dae0) 
thrown [s\src\hotspot\share\classfile\systemDictionary.cpp, line 313]
Event: 48.022 Thread 0x000002194cd235f0 Exception <a 'java/lang/ClassNotFoundException'{0x0000000705201700}: org/gradle/api/internal/project/DefaultProject_DecoratedCustomizer> (0x0000000705201700) 
thrown [s\src\hotspot\share\classfile\systemDictionary.cpp, line 313]
Event: 48.053 Thread 0x000002194cd235f0 Exception <a 'java/lang/ClassNotFoundException'{0x000000070529ec90}: org/gradle/configuration/internal/DefaultListenerBuildOperationDecorator$BuildOperationEmittingClosureBeanInfo> (0x000000070529ec90) 
thrown [s\src\hotspot\share\classfile\systemDictionary.cpp, line 313]
Event: 48.053 Thread 0x000002194cd235f0 Exception <a 'java/lang/ClassNotFoundException'{0x00000007052ac720}: org/gradle/configuration/internal/DefaultListenerBuildOperationDecorator$BuildOperationEmittingClosureCustomizer> (0x00000007052ac720) 
thrown [s\src\hotspot\share\classfile\systemDictionary.cpp, line 313]
Event: 48.199 Thread 0x000002194cd235f0 Exception <a 'java/lang/ClassNotFoundException'{0x0000000705342d38}: org/gradle/api/internal/project/LifecycleAwareProject_DecoratedBeanInfo> (0x0000000705342d38) 
thrown [s\src\hotspot\share\classfile\systemDictionary.cpp, line 313]
Event: 48.200 Thread 0x000002194cd235f0 Exception <a 'java/lang/ClassNotFoundException'{0x000000070534f9b0}: org/gradle/api/internal/project/LifecycleAwareProjectBeanInfo> (0x000000070534f9b0) 
thrown [s\src\hotspot\share\classfile\systemDictionary.cpp, line 313]
Event: 48.201 Thread 0x000002194cd235f0 Exception <a 'java/lang/ClassNotFoundException'{0x000000070535c860}: org/gradle/api/internal/project/MutableStateAccessAwareProjectBeanInfo> (0x000000070535c860) 
thrown [s\src\hotspot\share\classfile\systemDictionary.cpp, line 313]
Event: 48.202 Thread 0x000002194cd235f0 Exception <a 'java/lang/ClassNotFoundException'{0x0000000705369868}: org/gradle/api/internal/project/MutableStateAccessAwareProjectCustomizer> (0x0000000705369868) 
thrown [s\src\hotspot\share\classfile\systemDictionary.cpp, line 313]
Event: 48.218 Thread 0x000002194cd235f0 Exception <a 'java/lang/ClassNotFoundException'{0x000000070501a498}: org/gradle/api/internal/project/LifecycleAwareProjectCustomizer> (0x000000070501a498) 
thrown [s\src\hotspot\share\classfile\systemDictionary.cpp, line 313]
Event: 48.221 Thread 0x000002194cd235f0 Exception <a 'java/lang/ClassNotFoundException'{0x0000000705038f70}: org/gradle/api/internal/project/LifecycleAwareProject_DecoratedCustomizer> (0x0000000705038f70) 
thrown [s\src\hotspot\share\classfile\systemDictionary.cpp, line 313]
Event: 49.511 Thread 0x000002194cd235f0 Exception <a 'java/lang/NoSuchMethodError'{0x0000000704dc6778}: 'long java.lang.invoke.DirectMethodHandle$Holder.invokeStatic(java.lang.Object, long)'> (0x0000000704dc6778) 
thrown [s\src\hotspot\share\interpreter\linkResolver.cpp, line 773]
Event: 50.049 Thread 0x000002194cd235f0 Implicit null exception at 0x0000021907d6684f to 0x0000021907d66b90
Event: 52.236 Thread 0x000002194cd235f0 Exception <a 'java/lang/NoSuchMethodError'{0x00000007041c6ae0}: static Lorg/gradle/api/internal/catalog/DefaultVersionCatalog;.<clinit>()V> (0x00000007041c6ae0) 
thrown [s\src\hotspot\share\prims\jni.cpp, line 1111]
Event: 52.465 Thread 0x000002194cd235f0 Exception <a 'java/lang/NoSuchMethodError'{0x00000007041ea160}: 'long java.lang.invoke.DirectMethodHandle$Holder.invokeSpecial(java.lang.Object, java.lang.Object)'> (0x00000007041ea160) 
thrown [s\src\hotspot\share\interpreter\linkResolver.cpp, line 773]
Event: 52.465 Thread 0x000002194cd235f0 Exception <a 'java/lang/NoSuchMethodError'{0x00000007041ee5e8}: 'long java.lang.invoke.Invokers$Holder.invokeExact_MT(java.lang.Object, java.lang.Object)'> (0x00000007041ee5e8) 
thrown [s\src\hotspot\share\interpreter\linkResolver.cpp, line 773]

ZGC Phase Switch (0 events):
No events

VM Operations (20 events):
Event: 43.558 Executing safepoint VM operation: Cleanup
Event: 43.605 Executing safepoint VM operation: Cleanup done
Event: 44.619 Executing safepoint VM operation: Cleanup
Event: 44.620 Executing safepoint VM operation: Cleanup done
Event: 45.622 Executing safepoint VM operation: Cleanup
Event: 45.622 Executing safepoint VM operation: Cleanup done
Event: 46.633 Executing safepoint VM operation: Cleanup
Event: 46.711 Executing safepoint VM operation: Cleanup done
Event: 47.267 Executing safepoint VM operation: G1CollectForAllocation (G1 Evacuation Pause)
Event: 47.277 Executing safepoint VM operation: G1CollectForAllocation (G1 Evacuation Pause) done
Event: 48.285 Executing safepoint VM operation: Cleanup
Event: 48.348 Executing safepoint VM operation: Cleanup done
Event: 49.364 Executing safepoint VM operation: Cleanup
Event: 49.485 Executing safepoint VM operation: Cleanup done
Event: 50.493 Executing safepoint VM operation: Cleanup
Event: 50.510 Executing safepoint VM operation: Cleanup done
Event: 51.521 Executing safepoint VM operation: Cleanup
Event: 51.521 Executing safepoint VM operation: Cleanup done
Event: 52.463 Executing non-safepoint VM operation: HandshakeAllThreads (Deoptimize)
Event: 52.463 Executing non-safepoint VM operation: HandshakeAllThreads (Deoptimize) done

Memory protections (0 events):
No events

Nmethod flushes (20 events):
Event: 26.247 Thread 0x000002197ed36ce0 flushing  nmethod 0x0000021900410010
Event: 26.247 Thread 0x000002197ed36ce0 flushing  nmethod 0x0000021900410d10
Event: 26.247 Thread 0x000002197ed36ce0 flushing  nmethod 0x000002190043d310
Event: 26.247 Thread 0x000002197ed36ce0 flushing  nmethod 0x0000021900463590
Event: 26.247 Thread 0x000002197ed36ce0 flushing  nmethod 0x0000021900464090
Event: 26.247 Thread 0x000002197ed36ce0 flushing  nmethod 0x0000021900464590
Event: 26.247 Thread 0x000002197ed36ce0 flushing  nmethod 0x0000021900465290
Event: 26.247 Thread 0x000002197ed36ce0 flushing  nmethod 0x0000021900485b10
Event: 26.247 Thread 0x000002197ed36ce0 flushing  nmethod 0x0000021900488790
Event: 26.247 Thread 0x000002197ed36ce0 flushing  nmethod 0x0000021900508490
Event: 26.247 Thread 0x000002197ed36ce0 flushing  nmethod 0x000002190036c510
Event: 26.247 Thread 0x000002197ed36ce0 flushing  nmethod 0x00000219003b9d90
Event: 26.247 Thread 0x000002197ed36ce0 flushing  nmethod 0x00000219003ba190
Event: 26.247 Thread 0x000002197ed36ce0 flushing  nmethod 0x00000219003bad10
Event: 26.247 Thread 0x000002197ed36ce0 flushing  nmethod 0x00000219003bc110
Event: 26.248 Thread 0x000002197ed36ce0 flushing  nmethod 0x00000219003bd210
Event: 26.248 Thread 0x000002197ed36ce0 flushing  nmethod 0x00000219003bdf10
Event: 26.248 Thread 0x000002197ed36ce0 flushing  nmethod 0x00000219003bfd10
Event: 26.248 Thread 0x000002197ed36ce0 flushing  nmethod 0x0000021900492110
Event: 26.248 Thread 0x000002197ed36ce0 flushing  nmethod 0x0000021900494b10

Events (20 events):
Event: 15.152 Thread 0x000002194cd235f0 Thread added: 0x000002194d2964d0
Event: 15.386 Thread 0x000002194dd7ee60 Thread exited: 0x000002194dd7ee60
Event: 16.132 Thread 0x000002194cd235f0 Thread added: 0x000002194d294a90
Event: 16.172 Thread 0x000002194cd235f0 Thread added: 0x000002194d2957b0
Event: 16.418 Thread 0x000002194d29ad00 Thread added: 0x000002194d296b60
Event: 17.033 Thread 0x000002194cd235f0 Thread added: 0x000002194d29a670
Event: 17.442 Thread 0x000002194cd235f0 Thread added: 0x000002194d297f10
Event: 20.659 Thread 0x000002194cd235f0 Thread added: 0x000002194d2971f0
Event: 21.453 Thread 0x000002194cd235f0 Thread added: 0x000002194d297880
Event: 23.977 Thread 0x000002194cd235f0 Thread added: 0x000002194c3a2a90
Event: 24.503 Thread 0x000002194cd235f0 Thread added: 0x000002194c3a1d70
Event: 25.136 Thread 0x000002197edc35f0 Thread added: 0x000002194f014c20
Event: 25.801 Thread 0x000002194f014c20 Thread exited: 0x000002194f014c20
Event: 28.845 Thread 0x000002197edc35f0 Thread added: 0x000002194f014be0
Event: 29.259 Thread 0x000002194f014be0 Thread exited: 0x000002194f014be0
Event: 34.475 Thread 0x000002197edc35f0 Thread added: 0x000002194e93fa00
Event: 34.736 Thread 0x000002194e93fa00 Thread exited: 0x000002194e93fa00
Event: 38.049 Thread 0x000002194cd235f0 Thread added: 0x000002194c3a37b0
Event: 38.519 Thread 0x000002194cd235f0 Thread added: 0x000002194c3a2400
Event: 39.063 Thread 0x000002194cd235f0 Thread added: 0x000002194c3a09c0


Dynamic libraries:
0x00007ff7813a0000 - 0x00007ff7813ae000 	C:\Users\LENOVO Z40\.vscode\extensions\redhat.java-1.56.0-win32-x64\jre\21.0.12.1-win32-x86_64\bin\java.exe
0x00007ff9afe30000 - 0x00007ff9b0028000 	C:\Windows\SYSTEM32\ntdll.dll
0x00007ff9af4f0000 - 0x00007ff9af5b2000 	C:\Windows\System32\KERNEL32.DLL
0x00007ff9adaa0000 - 0x00007ff9add96000 	C:\Windows\System32\KERNELBASE.dll
0x00007ff9ad760000 - 0x00007ff9ad860000 	C:\Windows\System32\ucrtbase.dll
0x00007ff9484f0000 - 0x00007ff948508000 	C:\Users\LENOVO Z40\.vscode\extensions\redhat.java-1.56.0-win32-x64\jre\21.0.12.1-win32-x86_64\bin\jli.dll
0x00007ff9ade50000 - 0x00007ff9adff1000 	C:\Windows\System32\USER32.dll
0x00007ff9ada70000 - 0x00007ff9ada92000 	C:\Windows\System32\win32u.dll
0x00007ff9ae000000 - 0x00007ff9ae02b000 	C:\Windows\System32\GDI32.dll
0x00007ff9ad900000 - 0x00007ff9ada19000 	C:\Windows\System32\gdi32full.dll
0x00007ff9ad860000 - 0x00007ff9ad8fd000 	C:\Windows\System32\msvcp_win.dll
0x00007ff947b40000 - 0x00007ff947b5e000 	C:\Users\LENOVO Z40\.vscode\extensions\redhat.java-1.56.0-win32-x64\jre\21.0.12.1-win32-x86_64\bin\VCRUNTIME140.dll
0x00007ff998e00000 - 0x00007ff99909b000 	C:\Windows\WinSxS\amd64_microsoft.windows.common-controls_6595b64144ccf1df_6.0.19041.6456_none_60b8a6cb71f64256\COMCTL32.dll
0x00007ff9ae030000 - 0x00007ff9ae0ce000 	C:\Windows\System32\msvcrt.dll
0x00007ff9af450000 - 0x00007ff9af47f000 	C:\Windows\System32\IMM32.DLL
0x00007ff991290000 - 0x00007ff99129c000 	C:\Users\LENOVO Z40\.vscode\extensions\redhat.java-1.56.0-win32-x64\jre\21.0.12.1-win32-x86_64\bin\vcruntime140_1.dll
0x00007ff936d10000 - 0x00007ff936d9d000 	C:\Users\LENOVO Z40\.vscode\extensions\redhat.java-1.56.0-win32-x64\jre\21.0.12.1-win32-x86_64\bin\msvcp140.dll
0x00007ff935f60000 - 0x00007ff936d02000 	C:\Users\LENOVO Z40\.vscode\extensions\redhat.java-1.56.0-win32-x64\jre\21.0.12.1-win32-x86_64\bin\server\jvm.dll
0x00007ff9af020000 - 0x00007ff9af0d1000 	C:\Windows\System32\ADVAPI32.dll
0x00007ff9ae2f0000 - 0x00007ff9ae38f000 	C:\Windows\System32\sechost.dll
0x00007ff9ae490000 - 0x00007ff9ae5b0000 	C:\Windows\System32\RPCRT4.dll
0x00007ff9ad5d0000 - 0x00007ff9ad5f7000 	C:\Windows\System32\bcrypt.dll
0x00007ff9af480000 - 0x00007ff9af4eb000 	C:\Windows\System32\WS2_32.dll
0x00007ff9ac9c0000 - 0x00007ff9aca0b000 	C:\Windows\SYSTEM32\POWRPROF.dll
0x00007ff99bb90000 - 0x00007ff99bbb7000 	C:\Windows\SYSTEM32\WINMM.dll
0x00007ff9a1050000 - 0x00007ff9a105a000 	C:\Windows\SYSTEM32\VERSION.dll
0x00007ff9ac880000 - 0x00007ff9ac892000 	C:\Windows\SYSTEM32\UMPDC.dll
0x00007ff9ab2f0000 - 0x00007ff9ab302000 	C:\Windows\SYSTEM32\kernel.appcore.dll
0x00007ff98d180000 - 0x00007ff98d18a000 	C:\Users\LENOVO Z40\.vscode\extensions\redhat.java-1.56.0-win32-x64\jre\21.0.12.1-win32-x86_64\bin\jimage.dll
0x00007ff999d60000 - 0x00007ff999f61000 	C:\Windows\SYSTEM32\DBGHELP.DLL
0x00007ff9977f0000 - 0x00007ff997824000 	C:\Windows\SYSTEM32\dbgcore.DLL
0x00007ff9ad4c0000 - 0x00007ff9ad542000 	C:\Windows\System32\bcryptPrimitives.dll
0x00007ff98c610000 - 0x00007ff98c61f000 	C:\Users\LENOVO Z40\.vscode\extensions\redhat.java-1.56.0-win32-x64\jre\21.0.12.1-win32-x86_64\bin\instrument.dll
0x00007ff9474c0000 - 0x00007ff9474e0000 	C:\Users\LENOVO Z40\.vscode\extensions\redhat.java-1.56.0-win32-x64\jre\21.0.12.1-win32-x86_64\bin\java.dll
0x00007ff9af680000 - 0x00007ff9afdf0000 	C:\Windows\System32\SHELL32.dll
0x00007ff9ab4f0000 - 0x00007ff9abc95000 	C:\Windows\SYSTEM32\windows.storage.dll
0x00007ff9ae6e0000 - 0x00007ff9aea34000 	C:\Windows\System32\combase.dll
0x00007ff9ace10000 - 0x00007ff9ace3b000 	C:\Windows\SYSTEM32\Wldp.dll
0x00007ff9af0e0000 - 0x00007ff9af1ad000 	C:\Windows\System32\OLEAUT32.dll
0x00007ff9af1c0000 - 0x00007ff9af26d000 	C:\Windows\System32\SHCORE.dll
0x00007ff9af5c0000 - 0x00007ff9af61b000 	C:\Windows\System32\shlwapi.dll
0x00007ff9ad3f0000 - 0x00007ff9ad414000 	C:\Windows\SYSTEM32\profapi.dll
0x00007ff947d90000 - 0x00007ff947da8000 	C:\Users\LENOVO Z40\.vscode\extensions\redhat.java-1.56.0-win32-x64\jre\21.0.12.1-win32-x86_64\bin\zip.dll
0x00007ff98be60000 - 0x00007ff98be70000 	C:\Users\LENOVO Z40\.vscode\extensions\redhat.java-1.56.0-win32-x64\jre\21.0.12.1-win32-x86_64\bin\net.dll
0x00007ff9a52a0000 - 0x00007ff9a53aa000 	C:\Windows\SYSTEM32\WINHTTP.dll
0x00007ff9acbf0000 - 0x00007ff9acc5a000 	C:\Windows\system32\mswsock.dll
0x00007ff947d30000 - 0x00007ff947d46000 	C:\Users\LENOVO Z40\.vscode\extensions\redhat.java-1.56.0-win32-x64\jre\21.0.12.1-win32-x86_64\bin\nio.dll
0x00007ff98a550000 - 0x00007ff98a560000 	C:\Users\LENOVO Z40\.vscode\extensions\redhat.java-1.56.0-win32-x64\jre\21.0.12.1-win32-x86_64\bin\verify.dll
0x00007ff94c030000 - 0x00007ff94c057000 	C:\Users\LENOVO Z40\.gradle\native\660c5614fbf4a5f2a75b1949f50a0caf5cd603558e7d8a26e50b933a0cfb79d1\windows-amd64\native-platform.dll
0x00007ff9603f0000 - 0x00007ff960467000 	C:\Users\LENOVO Z40\.gradle\native\0.2.8\x86_64-windows-gnu\gradle-fileevents.dll
0x00007ff99c4b0000 - 0x00007ff99c4ba000 	C:\Users\LENOVO Z40\.vscode\extensions\redhat.java-1.56.0-win32-x64\jre\21.0.12.1-win32-x86_64\bin\management.dll
0x00007ff997120000 - 0x00007ff99712c000 	C:\Users\LENOVO Z40\.vscode\extensions\redhat.java-1.56.0-win32-x64\jre\21.0.12.1-win32-x86_64\bin\management_ext.dll
0x00007ff9ae2e0000 - 0x00007ff9ae2e8000 	C:\Windows\System32\PSAPI.DLL
0x00007ff9ac8a0000 - 0x00007ff9ac8db000 	C:\Windows\SYSTEM32\IPHLPAPI.DLL
0x00007ff9af1b0000 - 0x00007ff9af1b8000 	C:\Windows\System32\NSI.dll
0x00007ff992ad0000 - 0x00007ff992ad9000 	C:\Users\LENOVO Z40\.vscode\extensions\redhat.java-1.56.0-win32-x64\jre\21.0.12.1-win32-x86_64\bin\extnet.dll
0x00007ff9ace50000 - 0x00007ff9ace68000 	C:\Windows\SYSTEM32\CRYPTSP.dll
0x00007ff9ac4c0000 - 0x00007ff9ac4f8000 	C:\Windows\system32\rsaenh.dll
0x00007ff9ad370000 - 0x00007ff9ad39e000 	C:\Windows\SYSTEM32\USERENV.dll
0x00007ff9acd80000 - 0x00007ff9acd8c000 	C:\Windows\SYSTEM32\CRYPTBASE.dll
0x00007ff97f9b0000 - 0x00007ff97f9be000 	C:\Users\LENOVO Z40\.vscode\extensions\redhat.java-1.56.0-win32-x64\jre\21.0.12.1-win32-x86_64\bin\sunmscapi.dll
0x00007ff9ad600000 - 0x00007ff9ad75d000 	C:\Windows\System32\CRYPT32.dll
0x00007ff9acf60000 - 0x00007ff9acf87000 	C:\Windows\SYSTEM32\ncrypt.dll
0x00007ff9acf20000 - 0x00007ff9acf5b000 	C:\Windows\SYSTEM32\NTASN1.dll
0x00007ff9a7170000 - 0x00007ff9a7177000 	C:\Windows\system32\wshunix.dll

JVMTI agents:
C:\Users\LENOVO Z40\.gradle\wrapper\dists\gradle-9.3.1-bin\23ovyewtku6u96viwx3xl3oks\gradle-9.3.1\lib\agents\gradle-instrumentation-agent-9.3.1.jar path:C:\Users\LENOVO Z40\.vscode\extensions\redhat.java-1.56.0-win32-x64\jre\21.0.12.1-win32-x86_64\bin\instrument.dll, loaded, initialized, instrumentlib options:none

dbghelp: loaded successfully - version: 4.0.5 - missing functions: none
symbol engine: initialized successfully - sym options: 0x614 - pdb path: .;C:\Users\LENOVO Z40\.vscode\extensions\redhat.java-1.56.0-win32-x64\jre\21.0.12.1-win32-x86_64\bin;C:\Windows\SYSTEM32;C:\Windows\WinSxS\amd64_microsoft.windows.common-controls_6595b64144ccf1df_6.0.19041.6456_none_60b8a6cb71f64256;C:\Users\LENOVO Z40\.vscode\extensions\redhat.java-1.56.0-win32-x64\jre\21.0.12.1-win32-x86_64\bin\server;C:\Users\LENOVO Z40\.gradle\native\660c5614fbf4a5f2a75b1949f50a0caf5cd603558e7d8a26e50b933a0cfb79d1\windows-amd64;C:\Users\LENOVO Z40\.gradle\native\0.2.8\x86_64-windows-gnu

VM Arguments:
jvm_args: --add-opens=java.base/java.lang=ALL-UNNAMED --add-opens=java.base/java.lang.invoke=ALL-UNNAMED --add-opens=java.base/java.util=ALL-UNNAMED --add-opens=java.prefs/java.util.prefs=ALL-UNNAMED --add-exports=jdk.compiler/com.sun.tools.javac.api=ALL-UNNAMED --add-exports=jdk.compiler/com.sun.tools.javac.util=ALL-UNNAMED --add-opens=java.base/java.util=ALL-UNNAMED --add-opens=java.prefs/java.util.prefs=ALL-UNNAMED --add-opens=java.base/java.nio.charset=ALL-UNNAMED --add-opens=java.base/java.net=ALL-UNNAMED --add-opens=java.base/java.util.concurrent=ALL-UNNAMED --add-opens=java.base/java.util.concurrent.atomic=ALL-UNNAMED --add-opens=java.xml/javax.xml.namespace=ALL-UNNAMED --add-opens=java.base/java.time=ALL-UNNAMED -XX:MaxMetaspaceSize=1024m -XX:+HeapDumpOnOutOfMemoryError -Xmx4096m -Dfile.encoding=UTF-8 -Duser.country=US -Duser.language=en -Duser.variant -javaagent:C:\Users\LENOVO Z40\.gradle\wrapper\dists\gradle-9.3.1-bin\23ovyewtku6u96viwx3xl3oks\gradle-9.3.1\lib\agents\gradle-instrumentation-agent-9.3.1.jar 
java_command: org.gradle.launcher.daemon.bootstrap.GradleDaemon 9.3.1
java_class_path (initial): C:\Users\LENOVO Z40\.gradle\wrapper\dists\gradle-9.3.1-bin\23ovyewtku6u96viwx3xl3oks\gradle-9.3.1\lib\gradle-daemon-main-9.3.1.jar
Launcher Type: SUN_STANDARD

[Global flags]
     intx CICompilerCount                          = 3                                         {product} {ergonomic}
   size_t CompressedClassSpaceSize                 = 872415232                                 {product} {ergonomic}
     uint ConcGCThreads                            = 1                                         {product} {ergonomic}
     uint G1ConcRefinementThreads                  = 4                                         {product} {ergonomic}
   size_t G1HeapRegionSize                         = 2097152                                   {product} {ergonomic}
    uintx GCDrainStackTargetSize                   = 64                                        {product} {ergonomic}
     bool HeapDumpOnOutOfMemoryError               = true                                   {manageable} {command line}
   size_t InitialHeapSize                          = 134217728                                 {product} {ergonomic}
   size_t MarkStackSize                            = 4194304                                   {product} {ergonomic}
   size_t MaxHeapSize                              = 4294967296                                {product} {command line}
   size_t MaxMetaspaceSize                         = 1073741824                                {product} {command line}
   size_t MaxNewSize                               = 2575302656                                {product} {ergonomic}
   size_t MinHeapDeltaBytes                        = 2097152                                   {product} {ergonomic}
   size_t MinHeapSize                              = 8388608                                   {product} {ergonomic}
    uintx NonNMethodCodeHeapSize                   = 5832780                                {pd product} {ergonomic}
    uintx NonProfiledCodeHeapSize                  = 122912730                              {pd product} {ergonomic}
    uintx ProfiledCodeHeapSize                     = 122912730                              {pd product} {ergonomic}
    uintx ReservedCodeCacheSize                    = 251658240                              {pd product} {ergonomic}
     bool SegmentedCodeCache                       = true                                      {product} {ergonomic}
   size_t SoftMaxHeapSize                          = 4294967296                             {manageable} {ergonomic}
     bool UseCompressedOops                        = true                           {product lp64_product} {ergonomic}
     bool UseG1GC                                  = true                                      {product} {ergonomic}
     bool UseLargePagesIndividualAllocation        = false                                  {pd product} {ergonomic}

Logging:
Log output configuration:
 #0: stdout all=warning uptime,level,tags foldmultilines=false
 #1: stderr all=off uptime,level,tags foldmultilines=false

Release file:
JAVA_VERSION="21.0.12.1" 
MODULES="java.base java.compiler java.datatransfer java.xml java.prefs java.desktop java.instrument java.logging java.management java.security.sasl java.naming java.rmi java.management.rmi java.net.http java.scripting java.security.jgss java.transaction.xa java.sql java.sql.rowset java.xml.crypto java.se java.smartcardio jdk.accessibility jdk.internal.jvmstat jdk.attach jdk.charsets jdk.internal.opt jdk.zipfs jdk.compiler jdk.crypto.ec jdk.crypto.cryptoki jdk.crypto.mscapi jdk.dynalink jdk.internal.ed jdk.editpad jdk.hotspot.agent jdk.httpserver jdk.internal.le jdk.internal.vm.ci jdk.internal.vm.compiler jdk.internal.vm.compiler.management jdk.jartool jdk.javadoc jdk.jcmd jdk.management jdk.management.agent jdk.jconsole jdk.jdeps jdk.jdwp.agent jdk.jdi jdk.jfr jdk.jshell jdk.jsobject jdk.jstatd jdk.localedata jdk.management.jfr jdk.naming.dns jdk.naming.rmi jdk.net jdk.nio.mapmode jdk.random jdk.sctp jdk.security.auth jdk.security.jgss jdk.unsupported jdk.unsupported.desktop jdk.xml.dom" 

Environment Variables:
JAVA_HOME=C:\Program Files\Java\jdk-25.0.2
PATH=C:\Program Files\Common Files\Oracle\Java\javapath;C:\Program Files (x86)\Common Files\Oracle\Java\java8path;C:\Program Files (x86)\Common Files\Oracle\Java\javapath;C:\Windows\system32;C:\Windows;C:\Windows\System32\Wbem;C:\Windows\System32\WindowsPowerShell\v1.0\;C:\Windows\System32\OpenSSH\;C:\Program Files (x86)\NVIDIA Corporation\PhysX\Common;C:\Program Files\dotnet\;C:\Program Files\Microsoft SQL Server\150\Tools\Binn\;C:\TDM-GCC-32\bin;C:\php;C:\Program Files\Docker\Docker\resources\bin;C:\Program Files\nodejs\;C:\ProgramData\ComposerSetup\bin;C:\Strawberry\c\bin;C:\Strawberry\perl\site\bin;C:\Strawberry\perl\bin;C:\Program Files\NVIDIA Corporation\NVIDIA App\NvDLISR;C:\Program Files\Git\bin;C:\Users\LENOVO Z40\AppData\Local\Programs\Python\Python312\;C:\Program Files\Java\jdk-25.0.2\bin;C:\Users\LENOVO Z40\AppData\Local\Programs\Python\Python311\Scripts;C:\ProgramData\Microsoft\Windows\Start Menu\Programs\Node.js;C:\Users\LENOVO Z40\AppData\Local\Programs\Microsoft VS Code\bin;C:\php;C:\php\php.exe;C:\Users\LENOVO Z40\AppData\Roaming\Composer\vendor\bin;C:\MinGW\bin;C:\MinGW\include;C:\MinGW\freeglut\bin;C:\Users\LENOVO Z40\AppData\Local\Python\pythoncore-3.14-64\Scripts;C:\Users\LENOVO Z40\AppData\Local\Python\bin;C:\Users\LENOVO Z40\AppData\Local\Python;C:\Users\LENOVO Z40\.dotnet\tools;C:\Program Files\JetBrains\IntelliJ IDEA 2025.3.4\bin;C:\Users\LENOVO Z40\AppData\Local\Microsoft\WindowsApps;C:\Users\LENOVO Z40\AppData\Roaming\npm;C:\composer;C:\Users\LENOVO Z40\AppData\Local\Programs\cursor\resources\app\bin
USERNAME=LENOVO Z40
OS=Windows_NT
PROCESSOR_IDENTIFIER=Intel64 Family 6 Model 69 Stepping 1, GenuineIntel
TMP=C:\Users\LENOVO~1\AppData\Local\Temp
TEMP=C:\Users\LENOVO~1\AppData\Local\Temp




Periodic native trim disabled

---------------  S Y S T E M  ---------------

OS:
 Windows 10 , 64 bit Build 19041 (10.0.19041.5915)
OS uptime: 0 days 11:35 hours
Hyper-V role detected

CPU: total 4 (initial active 4) (2 cores per cpu, 2 threads per core) family 6 model 69 stepping 1 microcode 0x26, cx8, cmov, fxsr, ht, mmx, sse, sse2, sse3, ssse3, sse4.1, sse4.2, popcnt, lzcnt, tsc, tscinvbit, avx, avx2, aes, erms, clmul, bmi1, bmi2, fma, vzeroupper, clflush, hv, rdtscp, f16c
Processor Information for the first 4 processors :
  Max Mhz: 2601, Current Mhz: 2000, Mhz Limit: 1976

Memory: 4k page, system-wide physical 8084M (379M free)
TotalPageFile size 16276M (AvailPageFile size 32M)
current process WorkingSet (physical memory assigned to process): 249M, peak: 268M
current process commit charge ("private bytes"): 280M, peak: 299M

vm_info: OpenJDK 64-Bit Server VM (21.0.12.1+1-LTS) for windows-amd64 JRE (21.0.12.1+1-LTS), built on 2026-08-18T00:00:00Z by "admin" with MS VC++ 17.12 (VS2022)

END.
